Archive member included to satisfy reference by file (symbol)

d:/atmel/studio/7.0/toolchain/avr8/avr8-gnu-toolchain/bin/../lib/gcc/avr/5.4.0/avr5\libgcc.a(_udivmodqi4.o)
                              u8g2/u8g2_selection_list.o (__udivmodqi4)
d:/atmel/studio/7.0/toolchain/avr8/avr8-gnu-toolchain/bin/../lib/gcc/avr/5.4.0/avr5\libgcc.a(_udivmodhi4.o)
                              display_tasks.o (__udivmodhi4)
d:/atmel/studio/7.0/toolchain/avr8/avr8-gnu-toolchain/bin/../lib/gcc/avr/5.4.0/avr5\libgcc.a(_divmodhi4.o)
                              u8g2/u8g2_polygon.o (__divmodhi4)
d:/atmel/studio/7.0/toolchain/avr8/avr8-gnu-toolchain/bin/../lib/gcc/avr/5.4.0/avr5\libgcc.a(_udivmodsi4.o)
                              Drivers/serial.o (__udivmodsi4)
d:/atmel/studio/7.0/toolchain/avr8/avr8-gnu-toolchain/bin/../lib/gcc/avr/5.4.0/avr5\libgcc.a(_divmodsi4.o)
                              display_tasks.o (__divmodsi4)
d:/atmel/studio/7.0/toolchain/avr8/avr8-gnu-toolchain/bin/../lib/gcc/avr/5.4.0/avr5\libgcc.a(_negsi2.o)
                              d:/atmel/studio/7.0/toolchain/avr8/avr8-gnu-toolchain/bin/../lib/gcc/avr/5.4.0/avr5\libgcc.a(_divmodsi4.o) (__negsi2)
d:/atmel/studio/7.0/toolchain/avr8/avr8-gnu-toolchain/bin/../lib/gcc/avr/5.4.0/avr5\libgcc.a(_exit.o)
                              D:/Atmel/Studio/7.0/Packs/atmel/ATmega_DFP/1.3.300/gcc/dev/atmega328p/avr5/crtatmega328p.o (exit)
d:/atmel/studio/7.0/toolchain/avr8/avr8-gnu-toolchain/bin/../lib/gcc/avr/5.4.0/avr5\libgcc.a(_copy_data.o)
                              display_tasks.o (__do_copy_data)
d:/atmel/studio/7.0/toolchain/avr8/avr8-gnu-toolchain/bin/../lib/gcc/avr/5.4.0/avr5\libgcc.a(_clear_bss.o)
                              Drivers/adc.o (__do_clear_bss)
d:/atmel/studio/7.0/toolchain/avr8/avr8-gnu-toolchain/bin/../lib/gcc/avr/5.4.0/avr5\libgcc.a(_umulhisi3.o)
                              u8g2/u8x8_u16toa.o (__umulhisi3)
d:/atmel/studio/7.0/toolchain/avr8/avr8-gnu-toolchain/bin/../lib/gcc/avr/5.4.0/../../../../avr/lib/avr5\libc.a(memcpy.o)
                              Source/queue.o (memcpy)
d:/atmel/studio/7.0/toolchain/avr8/avr8-gnu-toolchain/bin/../lib/gcc/avr/5.4.0/../../../../avr/lib/avr5\libc.a(memset.o)
                              u8g2/u8g2_buffer.o (memset)
d:/atmel/studio/7.0/toolchain/avr8/avr8-gnu-toolchain/bin/../lib/gcc/avr/5.4.0/../../../../avr/lib/avr5\libc.a(putchar.o)
                              u8g2/u8x8_d_stdio.o (putchar)
d:/atmel/studio/7.0/toolchain/avr8/avr8-gnu-toolchain/bin/../lib/gcc/avr/5.4.0/../../../../avr/lib/avr5\libc.a(snprintf.o)
                              display_tasks.o (snprintf)
d:/atmel/studio/7.0/toolchain/avr8/avr8-gnu-toolchain/bin/../lib/gcc/avr/5.4.0/../../../../avr/lib/avr5\libc.a(vfprintf_std.o)
                              d:/atmel/studio/7.0/toolchain/avr8/avr8-gnu-toolchain/bin/../lib/gcc/avr/5.4.0/../../../../avr/lib/avr5\libc.a(snprintf.o) (vfprintf)
d:/atmel/studio/7.0/toolchain/avr8/avr8-gnu-toolchain/bin/../lib/gcc/avr/5.4.0/../../../../avr/lib/avr5\libc.a(strnlen_P.o)
                              d:/atmel/studio/7.0/toolchain/avr8/avr8-gnu-toolchain/bin/../lib/gcc/avr/5.4.0/../../../../avr/lib/avr5\libc.a(vfprintf_std.o) (strnlen_P)
d:/atmel/studio/7.0/toolchain/avr8/avr8-gnu-toolchain/bin/../lib/gcc/avr/5.4.0/../../../../avr/lib/avr5\libc.a(strnlen.o)
                              d:/atmel/studio/7.0/toolchain/avr8/avr8-gnu-toolchain/bin/../lib/gcc/avr/5.4.0/../../../../avr/lib/avr5\libc.a(vfprintf_std.o) (strnlen)
d:/atmel/studio/7.0/toolchain/avr8/avr8-gnu-toolchain/bin/../lib/gcc/avr/5.4.0/../../../../avr/lib/avr5\libc.a(fputc.o)
                              d:/atmel/studio/7.0/toolchain/avr8/avr8-gnu-toolchain/bin/../lib/gcc/avr/5.4.0/../../../../avr/lib/avr5\libc.a(putchar.o) (fputc)
d:/atmel/studio/7.0/toolchain/avr8/avr8-gnu-toolchain/bin/../lib/gcc/avr/5.4.0/../../../../avr/lib/avr5\libc.a(iob.o)
                              d:/atmel/studio/7.0/toolchain/avr8/avr8-gnu-toolchain/bin/../lib/gcc/avr/5.4.0/../../../../avr/lib/avr5\libc.a(putchar.o) (__iob)
d:/atmel/studio/7.0/toolchain/avr8/avr8-gnu-toolchain/bin/../lib/gcc/avr/5.4.0/../../../../avr/lib/avr5\libc.a(ultoa_invert.o)
                              d:/atmel/studio/7.0/toolchain/avr8/avr8-gnu-toolchain/bin/../lib/gcc/avr/5.4.0/../../../../avr/lib/avr5\libc.a(vfprintf_std.o) (__ultoa_invert)
d:/atmel/studio/7.0/toolchain/avr8/avr8-gnu-toolchain/bin/../lib/gcc/avr/5.4.0/avr5\libgcc.a(_prologue.o)
                              d:/atmel/studio/7.0/toolchain/avr8/avr8-gnu-toolchain/bin/../lib/gcc/avr/5.4.0/../../../../avr/lib/avr5\libc.a(snprintf.o) (__prologue_saves__)
d:/atmel/studio/7.0/toolchain/avr8/avr8-gnu-toolchain/bin/../lib/gcc/avr/5.4.0/avr5\libgcc.a(_epilogue.o)
                              d:/atmel/studio/7.0/toolchain/avr8/avr8-gnu-toolchain/bin/../lib/gcc/avr/5.4.0/../../../../avr/lib/avr5\libc.a(snprintf.o) (__epilogue_restores__)

Allocating common symbols
Common symbol       size              file

[...]
Memory Configuration

Name             Origin             Length             Attributes
text             0x00000000         0x00020000         xr
data             0x00800060         0x0000ffa0         rw !x
eeprom           0x00810000         0x00010000         rw !x
fuse             0x00820000         0x00000003         rw !x
lock             0x00830000         0x00000400         rw !x
signature        0x00840000         0x00000400         rw !x
user_signatures  0x00850000         0x00000400         rw !x
*default*        0x00000000         0xffffffff

Linker script and memory map

Address of section .data set to 0x800100
LOAD D:/Atmel/Studio/7.0/Packs/atmel/ATmega_DFP/1.3.300/gcc/dev/atmega328p/avr5/crtatmega328p.o
LOAD adc_tasks.o
LOAD display_tasks.o
LOAD Drivers/adc.o
LOAD Drivers/serial.o
LOAD Drivers/twimastertimeout.o
LOAD main.o
LOAD serial_tasks.o
LOAD Source/croutine.o
LOAD Source/event_groups.o
LOAD Source/list.o
LOAD Source/portable/MemMang/heap_2.o
LOAD Source/portable/ThirdParty/GCC/ATmega/port.o
LOAD Source/queue.o
LOAD Source/stream_buffer.o
LOAD Source/tasks.o
LOAD Source/timers.o
LOAD misc_tasks.o
LOAD speaker_tasks.o
LOAD u8g2/u8g2_bitmap.o
LOAD u8g2/u8g2_box.o
LOAD u8g2/u8g2_buffer.o
LOAD u8g2/u8g2_circle.o
LOAD u8g2/u8g2_cleardisplay.o
LOAD u8g2/u8g2_d_memory.o
LOAD u8g2/u8g2_d_setup.o
LOAD u8g2/u8g2_font.o
LOAD u8g2/u8g2_fonts.o
LOAD u8g2/u8g2_hvline.o
LOAD u8g2/u8g2_input_value.o
LOAD u8g2/u8g2_intersection.o
LOAD u8g2/u8g2_kerning.o
LOAD u8g2/u8g2_line.o
LOAD u8g2/u8g2_ll_hvline.o
LOAD u8g2/u8g2_message.o
LOAD u8g2/u8g2_polygon.o
LOAD u8g2/u8g2_selection_list.o
LOAD u8g2/u8g2_setup.o
LOAD u8g2/u8log.o
LOAD u8g2/u8log_u8g2.o
LOAD u8g2/u8log_u8x8.o
LOAD u8g2/u8x8_8x8.o
LOAD u8g2/u8x8_byte.o
LOAD u8g2/u8x8_cad.o
LOAD u8g2/u8x8_capture.o
LOAD u8g2/u8x8_debounce.o
LOAD u8g2/u8x8_display.o
LOAD u8g2/u8x8_d_a2printer.o
LOAD u8g2/u8x8_d_il3820_296x128.o
LOAD u8g2/u8x8_d_ise97002ks_gu128x64.o
LOAD u8g2/u8x8_d_ist3020.o
LOAD u8g2/u8x8_d_ist7920.o
LOAD u8g2/u8x8_d_ks0108.o
LOAD u8g2/u8x8_d_lc7981.o
LOAD u8g2/u8x8_d_ld7032_60x32.o
LOAD u8g2/u8x8_d_ls013b7dh03.o
LOAD u8g2/u8x8_d_max7219.o
LOAD u8g2/u8x8_d_pcd8544_84x48.o
LOAD u8g2/u8x8_d_pcf8812.o
LOAD u8g2/u8x8_d_pcf8814_hx1230.o
LOAD u8g2/u8x8_d_sbn1661.o
LOAD u8g2/u8x8_d_sed1330.o
LOAD u8g2/u8x8_d_sh1106_64x32.o
LOAD u8g2/u8x8_d_sh1106_72x40.o
LOAD u8g2/u8x8_d_sh1107.o
LOAD u8g2/u8x8_d_sh1108.o
LOAD u8g2/u8x8_d_sh1122.o
LOAD u8g2/u8x8_d_ssd1305.o
LOAD u8g2/u8x8_d_ssd1306_128x32.o
LOAD u8g2/u8x8_d_ssd1306_128x64_noname.o
LOAD u8g2/u8x8_d_ssd1306_2040x16.o
LOAD u8g2/u8x8_d_ssd1306_48x64.o
LOAD u8g2/u8x8_d_ssd1306_64x32.o
LOAD u8g2/u8x8_d_ssd1306_64x48.o
LOAD u8g2/u8x8_d_ssd1306_72x40.o
LOAD u8g2/u8x8_d_ssd1306_96x16.o
LOAD u8g2/u8x8_d_ssd1309.o
LOAD u8g2/u8x8_d_ssd1316.o
LOAD u8g2/u8x8_d_ssd1317.o
LOAD u8g2/u8x8_d_ssd1318.o
LOAD u8g2/u8x8_d_ssd1322.o
LOAD u8g2/u8x8_d_ssd1325.o
LOAD u8g2/u8x8_d_ssd1326.o
LOAD u8g2/u8x8_d_ssd1327.o
LOAD u8g2/u8x8_d_ssd1329.o
LOAD u8g2/u8x8_d_ssd1606_172x72.o
LOAD u8g2/u8x8_d_ssd1607_200x200.o
LOAD u8g2/u8x8_d_st7511.o
LOAD u8g2/u8x8_d_st75256.o
LOAD u8g2/u8x8_d_st7528.o
LOAD u8g2/u8x8_d_st75320.o
LOAD u8g2/u8x8_d_st7565.o
LOAD u8g2/u8x8_d_st7567.o
LOAD u8g2/u8x8_d_st7586s_erc240160.o
LOAD u8g2/u8x8_d_st7586s_s028hn118a.o
LOAD u8g2/u8x8_d_st7588.o
LOAD u8g2/u8x8_d_st7920.o
LOAD u8g2/u8x8_d_stdio.o
LOAD u8g2/u8x8_d_t6963.o
LOAD u8g2/u8x8_d_uc1601.o
LOAD u8g2/u8x8_d_uc1604.o
LOAD u8g2/u8x8_d_uc1608.o
LOAD u8g2/u8x8_d_uc1610.o
LOAD u8g2/u8x8_d_uc1611.o
LOAD u8g2/u8x8_d_uc1617.o
LOAD u8g2/u8x8_d_uc1638.o
LOAD u8g2/u8x8_d_uc1701_dogs102.o
LOAD u8g2/u8x8_d_uc1701_mini12864.o
LOAD u8g2/u8x8_fonts.o
LOAD u8g2/u8x8_gpio.o
LOAD u8g2/u8x8_input_value.o
LOAD u8g2/u8x8_message.o
LOAD u8g2/u8x8_selection_list.o
LOAD u8g2/u8x8_setup.o
LOAD u8g2/u8x8_string.o
LOAD u8g2/u8x8_u16toa.o
LOAD u8g2/u8x8_u8toa.o
LOAD u8g2_hal/u8x8_avr.o
LOAD xbee/frames.o
START GROUP
LOAD d:/atmel/studio/7.0/toolchain/avr8/avr8-gnu-toolchain/bin/../lib/gcc/avr/5.4.0/../../../../avr/lib/avr5\libm.a
END GROUP
START GROUP
LOAD d:/atmel/studio/7.0/toolchain/avr8/avr8-gnu-toolchain/bin/../lib/gcc/avr/5.4.0/avr5\libgcc.a
LOAD d:/atmel/studio/7.0/toolchain/avr8/avr8-gnu-toolchain/bin/../lib/gcc/avr/5.4.0/../../../../avr/lib/avr5\libm.a
LOAD d:/atmel/studio/7.0/toolchain/avr8/avr8-gnu-toolchain/bin/../lib/gcc/avr/5.4.0/../../../../avr/lib/avr5\libc.a
LOAD D:/Atmel/Studio/7.0/Packs/atmel/ATmega_DFP/1.3.300/gcc/dev/atmega328p/avr5\libatmega328p.a
END GROUP
                0x00000000                __TEXT_REGION_ORIGIN__ = DEFINED (__TEXT_REGION_ORIGIN__)?__TEXT_REGION_ORIGIN__:0x0
                0x00800060                __DATA_REGION_ORIGIN__ = DEFINED (__DATA_REGION_ORIGIN__)?__DATA_REGION_ORIGIN__:0x800060
                0x00020000                __TEXT_REGION_LENGTH__ = DEFINED (__TEXT_REGION_LENGTH__)?__TEXT_REGION_LENGTH__:0x20000
                0x0000ffa0                __DATA_REGION_LENGTH__ = DEFINED (__DATA_REGION_LENGTH__)?__DATA_REGION_LENGTH__:0xffa0
                0x00010000                __EEPROM_REGION_LENGTH__ = DEFINED (__EEPROM_REGION_LENGTH__)?__EEPROM_REGION_LENGTH__:0x10000
                [0x00000003]                __FUSE_REGION_LENGTH__ = DEFINED (__FUSE_REGION_LENGTH__)?__FUSE_REGION_LENGTH__:0x400
                0x00000400                __LOCK_REGION_LENGTH__ = DEFINED (__LOCK_REGION_LENGTH__)?__LOCK_REGION_LENGTH__:0x400
                0x00000400                __SIGNATURE_REGION_LENGTH__ = DEFINED (__SIGNATURE_REGION_LENGTH__)?__SIGNATURE_REGION_LENGTH__:0x400
                0x00000400                __USER_SIGNATURE_REGION_LENGTH__ = DEFINED (__USER_SIGNATURE_REGION_LENGTH__)?__USER_SIGNATURE_REGION_LENGTH__:0x400

.hash
 *(.hash)

.dynsym
 *(.dynsym)

.dynstr
 *(.dynstr)

.gnu.version
 *(.gnu.version)

.gnu.version_d
 *(.gnu.version_d)

.gnu.version_r
 *(.gnu.version_r)

.rel.init
 *(.rel.init)

.rela.init
 *(.rela.init)

.rel.text
 *(.rel.text)
 *(.rel.text.*)
 *(.rel.gnu.linkonce.t*)

.rela.text
 *(.rela.text)
 *(.rela.text.*)
 *(.rela.gnu.linkonce.t*)

.rel.fini
 *(.rel.fini)

.rela.fini
 *(.rela.fini)

.rel.rodata
 *(.rel.rodata)
 *(.rel.rodata.*)
 *(.rel.gnu.linkonce.r*)

.rela.rodata
 *(.rela.rodata)
 *(.rela.rodata.*)
 *(.rela.gnu.linkonce.r*)

.rel.data
 *(.rel.data)
 *(.rel.data.*)
 *(.rel.gnu.linkonce.d*)

.rela.data
 *(.rela.data)
 *(.rela.data.*)
 *(.rela.gnu.linkonce.d*)

.rel.ctors
 *(.rel.ctors)

.rela.ctors
 *(.rela.ctors)

.rel.dtors
 *(.rel.dtors)

.rela.dtors
 *(.rela.dtors)

.rel.got
 *(.rel.got)

.rela.got
 *(.rela.got)

.rel.bss
 *(.rel.bss)

.rela.bss
 *(.rela.bss)

.rel.plt
 *(.rel.plt)

.rela.plt
 *(.rela.plt)

.text           0x00000000     0x4f04
 *(.vectors)
 .vectors       0x00000000       0x68 D:/Atmel/Studio/7.0/Packs/atmel/ATmega_DFP/1.3.300/gcc/dev/atmega328p/avr5/crtatmega328p.o
                0x00000000                __vectors
                0x00000000                __vector_default
 *(.vectors)
 *(.progmem.gcc*)
                0x00000068                . = ALIGN (0x2)
                0x00000068                __trampolines_start = .
 *(.trampolines)
 .trampolines   0x00000068        0x0 linker stubs
 *(.trampolines*)
                0x00000068                __trampolines_end = .
 *libprintf_flt.a:*(.progmem.data)
 *libc.a:*(.progmem.data)
 *(.progmem*)
 .progmem.u8g2_font_4x6_mf
                0x00000068      0x641 u8g2/u8g2_fonts.o
                0x00000068                u8g2_font_4x6_mf
                0x000006aa                . = ALIGN (0x2)
 *fill*         0x000006a9        0x1 
 *(.jumptables)
 *(.jumptables*)
 *(.lowtext)
 *(.lowtext*)
                0x000006aa                __ctors_start = .
 *(.ctors)
                0x000006aa                __ctors_end = .
                0x000006aa                __dtors_start = .
 *(.dtors)
                0x000006aa                __dtors_end = .
 SORT(*)(.ctors)
 SORT(*)(.dtors)
 *(.init0)
 .init0         0x000006aa        0x0 D:/Atmel/Studio/7.0/Packs/atmel/ATmega_DFP/1.3.300/gcc/dev/atmega328p/avr5/crtatmega328p.o
                0x000006aa                __init
 *(.init0)
 *(.init1)
 *(.init1)
 *(.init2)
 .init2         0x000006aa        0xc D:/Atmel/Studio/7.0/Packs/atmel/ATmega_DFP/1.3.300/gcc/dev/atmega328p/avr5/crtatmega328p.o
 *(.init2)
 *(.init3)
 *(.init3)
 *(.init4)
 .init4         0x000006b6       0x16 d:/atmel/studio/7.0/toolchain/avr8/avr8-gnu-toolchain/bin/../lib/gcc/avr/5.4.0/avr5\libgcc.a(_copy_data.o)
                0x000006b6                __do_copy_data
 .init4         0x000006cc       0x10 d:/atmel/studio/7.0/toolchain/avr8/avr8-gnu-toolchain/bin/../lib/gcc/avr/5.4.0/avr5\libgcc.a(_clear_bss.o)
                0x000006cc                __do_clear_bss
 *(.init4)
 *(.init5)
 *(.init5)
 *(.init6)
 *(.init6)
 *(.init7)
 *(.init7)
 *(.init8)
 *(.init8)
 *(.init9)
 .init9         0x000006dc        0x8 D:/Atmel/Studio/7.0/Packs/atmel/ATmega_DFP/1.3.300/gcc/dev/atmega328p/avr5/crtatmega328p.o
 *(.init9)
 *(.text)
 .text          0x000006e4        0x4 D:/Atmel/Studio/7.0/Packs/atmel/ATmega_DFP/1.3.300/gcc/dev/atmega328p/avr5/crtatmega328p.o
                0x000006e4                __vector_22
                0x000006e4                __vector_20
                0x000006e4                __vector_24
                0x000006e4                __vector_23
                0x000006e4                __vector_25
                0x000006e4                __vector_12
                0x000006e4                __vector_13
                0x000006e4                __vector_10
                0x000006e4                __vector_11
                0x000006e4                __vector_3
                0x000006e4                __vector_4
                0x000006e4                __vector_9
                0x000006e4                __vector_2
                0x000006e4                __vector_1
                0x000006e4                __vector_7
                0x000006e4                __vector_6
                0x000006e4                __vector_5
                0x000006e4                __vector_8
                0x000006e4                __vector_15
                0x000006e4                __vector_16
                0x000006e4                __vector_17
                0x000006e4                __bad_interrupt
                0x000006e8                . = ALIGN (0x2)
 *(.text.*)
 .text.task_adc
                0x000006e8       0xbc adc_tasks.o
                0x000006e8                task_adc
 .text.task_gui
                0x000007a4      0x28a display_tasks.o
                0x000007a4                task_gui
 .text.adc_start_single
                0x00000a2e       0x4e Drivers/adc.o
                0x00000a2e                adc_start_single
 .text.adc_is_finished
                0x00000a7c        0x6 Drivers/adc.o
                0x00000a7c                adc_is_finished
 .text.adc_get_value
                0x00000a82        0xe Drivers/adc.o
                0x00000a82                adc_get_value
 .text.__vector_21
                0x00000a90       0x32 Drivers/adc.o
                0x00000a90                __vector_21
 .text.xSerialPortInit
                0x00000ac2       0xac Drivers/serial.o
                0x00000ac2                xSerialPortInit
 .text.xSerialPutString
                0x00000b6e       0x82 Drivers/serial.o
                0x00000b6e                xSerialPutString
 .text.__vector_18
                0x00000bf0       0x80 Drivers/serial.o
                0x00000bf0                __vector_18
 .text.__vector_19
                0x00000c70       0x84 Drivers/serial.o
                0x00000c70                __vector_19
 .text.reboot   0x00000cf4       0x18 main.o
                0x00000cf4                reboot
 .text.startup.main
                0x00000d0c       0x8e main.o
                0x00000d0c                main
 .text.vListInitialise
                0x00000d9a       0x1c Source/list.o
                0x00000d9a                vListInitialise
 .text.vListInitialiseItem
                0x00000db6        0x8 Source/list.o
                0x00000db6                vListInitialiseItem
 .text.vListInsertEnd
                0x00000dbe       0x42 Source/list.o
                0x00000dbe                vListInsertEnd
 .text.vListInsert
                0x00000e00       0x62 Source/list.o
                0x00000e00                vListInsert
 .text.uxListRemove
                0x00000e62       0x4c Source/list.o
                0x00000e62                uxListRemove
 .text.pvPortMalloc
                0x00000eae      0x12e Source/portable/MemMang/heap_2.o
                0x00000eae                pvPortMalloc
 .text.vPortFree
                0x00000fdc       0x56 Source/portable/MemMang/heap_2.o
                0x00000fdc                vPortFree
 .text.xPortGetFreeHeapSize
                0x00001032        0xa Source/portable/MemMang/heap_2.o
                0x00001032                xPortGetFreeHeapSize
 .text.pxPortInitialiseStack
                0x0000103c       0x22 Source/portable/ThirdParty/GCC/ATmega/port.o
                0x0000103c                pxPortInitialiseStack
 .text.xPortStartScheduler
                0x0000105e       0x70 Source/portable/ThirdParty/GCC/ATmega/port.o
                0x0000105e                xPortStartScheduler
 .text.hot.vPortYield
                0x000010ce       0xb2 Source/portable/ThirdParty/GCC/ATmega/port.o
                0x000010ce                vPortYield
 .text.hot.vPortYieldFromTick
                0x00001180       0xb8 Source/portable/ThirdParty/GCC/ATmega/port.o
                0x00001180                vPortYieldFromTick
 .text.hot.__vector_14
                0x00001238        0x6 Source/portable/ThirdParty/GCC/ATmega/port.o
                0x00001238                __vector_14
 .text.xQueueGenericCreate
                0x0000123e       0x92 Source/queue.o
                0x0000123e                xQueueGenericCreate
 .text.xQueueGenericSend
                0x000012d0      0x368 Source/queue.o
                0x000012d0                xQueueGenericSend
 .text.xQueueGenericSendFromISR
                0x00001638      0x100 Source/queue.o
                0x00001638                xQueueGenericSendFromISR
 .text.xQueueReceive
                0x00001738      0x2ce Source/queue.o
                0x00001738                xQueueReceive
 .text.xQueuePeek
                0x00001a06      0x2d0 Source/queue.o
                0x00001a06                xQueuePeek
 .text.xQueueReceiveFromISR
                0x00001cd6       0x96 Source/queue.o
                0x00001cd6                xQueueReceiveFromISR
 .text.uxQueueMessagesWaiting
                0x00001d6c       0x10 Source/queue.o
                0x00001d6c                uxQueueMessagesWaiting
 .text.prvIdleTask
                0x00001d7c       0x58 Source/tasks.o
 .text.xTaskIncrementTick.part.4
                0x00001dd4      0x196 Source/tasks.o
 .text.xTaskCreate
                0x00001f6a      0x2f2 Source/tasks.o
                0x00001f6a                xTaskCreate
 .text.vTaskDelete
                0x0000225c       0xe2 Source/tasks.o
                0x0000225c                vTaskDelete
 .text.vTaskStartScheduler
                0x0000233e      0x1dc Source/tasks.o
                0x0000233e                vTaskStartScheduler
 .text.vTaskSuspendAll
                0x0000251a        0xc Source/tasks.o
                0x0000251a                vTaskSuspendAll
 .text.xTaskResumeAll
                0x00002526      0x146 Source/tasks.o
                0x00002526                xTaskResumeAll
 .text.vTaskDelayUntil
                0x0000266c       0xe2 Source/tasks.o
                0x0000266c                vTaskDelayUntil
 .text.vTaskDelay
                0x0000274e       0xa4 Source/tasks.o
                0x0000274e                vTaskDelay
 .text.xTaskGetTickCount
                0x000027f2       0x14 Source/tasks.o
                0x000027f2                xTaskGetTickCount
 .text.xTaskIncrementTick
                0x00002806       0x22 Source/tasks.o
                0x00002806                xTaskIncrementTick
 .text.vTaskSwitchContext
                0x00002828       0x8a Source/tasks.o
                0x00002828                vTaskSwitchContext
 .text.vTaskPlaceOnEventList
                0x000028b2       0x96 Source/tasks.o
                0x000028b2                vTaskPlaceOnEventList
 .text.xTaskRemoveFromEventList
                0x00002948       0x9a Source/tasks.o
                0x00002948                xTaskRemoveFromEventList
 .text.vTaskInternalSetTimeOutState
                0x000029e2       0x16 Source/tasks.o
                0x000029e2                vTaskInternalSetTimeOutState
 .text.xTaskCheckForTimeOut
                0x000029f8       0x66 Source/tasks.o
                0x000029f8                xTaskCheckForTimeOut
 .text.vTaskMissedYield
                0x00002a5e        0x8 Source/tasks.o
                0x00002a5e                vTaskMissedYield
 .text.task_serial_test
                0x00002a66      0x106 misc_tasks.o
                0x00002a66                task_serial_test
 .text.playSound
                0x00002b6c      0x256 speaker_tasks.o
                0x00002b6c                playSound
 .text.task_speaker
                0x00002dc2       0x54 speaker_tasks.o
                0x00002dc2                task_speaker
 .text.u8g2_DrawBox
                0x00002e16       0x50 u8g2/u8g2_box.o
                0x00002e16                u8g2_DrawBox
 .text.u8g2_DrawFrame
                0x00002e66       0x88 u8g2/u8g2_box.o
                0x00002e66                u8g2_DrawFrame
 .text.u8g2_send_buffer
                0x00002eee       0x96 u8g2/u8g2_buffer.o
 .text.u8g2_SetBufferCurrTileRow
                0x00002f84       0x26 u8g2/u8g2_buffer.o
                0x00002f84                u8g2_SetBufferCurrTileRow
 .text.u8g2_FirstPage
                0x00002faa       0x44 u8g2/u8g2_buffer.o
                0x00002faa                u8g2_FirstPage
 .text.u8g2_NextPage
                0x00002fee       0x6c u8g2/u8g2_buffer.o
                0x00002fee                u8g2_NextPage
 .text.u8g2_draw_circle_section
                0x0000305a       0xb8 u8g2/u8g2_circle.o
 .text.u8g2_DrawCircle
                0x00003112       0xa2 u8g2/u8g2_circle.o
                0x00003112                u8g2_DrawCircle
 .text.u8g2_m_16_8_1
                0x000031b4        0xc u8g2/u8g2_d_memory.o
                0x000031b4                u8g2_m_16_8_1
 .text.u8g2_Setup_ise97002ks_gu128x64_1
                0x000031c0       0x56 u8g2/u8g2_d_setup.o
                0x000031c0                u8g2_Setup_ise97002ks_gu128x64_1
 .text.u8g2_font_get_word
                0x00003216       0x18 u8g2/u8g2_font.o
 .text.u8g2_font_calc_vref_font
                0x0000322e        0x4 u8g2/u8g2_font.o
                0x0000322e                u8g2_font_calc_vref_font
 .text.u8g2_font_get_word.constprop.2
                0x00003232       0x14 u8g2/u8g2_font.o
 .text.u8g2_font_get_word.constprop.3
                0x00003246       0x1a u8g2/u8g2_font.o
 .text.u8g2_add_vector_y
                0x00003260       0x1a u8g2/u8g2_font.o
                0x00003260                u8g2_add_vector_y
 .text.u8g2_add_vector_x
                0x0000327a       0x1a u8g2/u8g2_font.o
                0x0000327a                u8g2_add_vector_x
 .text.u8g2_font_decode_glyph
                0x00003294      0x5ea u8g2/u8g2_font.o
                0x00003294                u8g2_font_decode_glyph
 .text.u8g2_font_get_glyph_data
                0x0000387e       0xf6 u8g2/u8g2_font.o
                0x0000387e                u8g2_font_get_glyph_data
 .text.u8g2_draw_string
                0x00003974      0x10c u8g2/u8g2_font.o
 .text.u8g2_DrawStr
                0x00003a80       0x12 u8g2/u8g2_font.o
                0x00003a80                u8g2_DrawStr
 .text.u8g2_SetFontPosBaseline
                0x00003a92        0xc u8g2/u8g2_font.o
                0x00003a92                u8g2_SetFontPosBaseline
 .text.u8g2_SetFont
                0x00003a9e      0x1aa u8g2/u8g2_font.o
                0x00003a9e                u8g2_SetFont
 .text.u8g2_draw_hv_line_2dir
                0x00003c48       0x1a u8g2/u8g2_hvline.o
                0x00003c48                u8g2_draw_hv_line_2dir
 .text.u8g2_DrawHVLine
                0x00003c62       0xde u8g2/u8g2_hvline.o
                0x00003c62                u8g2_DrawHVLine
 .text.u8g2_DrawPixel
                0x00003d40       0x62 u8g2/u8g2_hvline.o
                0x00003d40                u8g2_DrawPixel
 .text.u8g2_IsIntersection
                0x00003da2       0x3e u8g2/u8g2_intersection.o
                0x00003da2                u8g2_IsIntersection
 .text.u8g2_DrawLine
                0x00003de0      0x138 u8g2/u8g2_line.o
                0x00003de0                u8g2_DrawLine
 .text.u8g2_ll_hvline_vertical_top_lsb
                0x00003f18       0xb8 u8g2/u8g2_ll_hvline.o
                0x00003f18                u8g2_ll_hvline_vertical_top_lsb
 .text.u8g2_draw_l90_r0
                0x00003fd0        0xa u8g2/u8g2_setup.o
                0x00003fd0                u8g2_draw_l90_r0
 .text.u8g2_update_dimension_r0
                0x00003fda       0x76 u8g2/u8g2_setup.o
                0x00003fda                u8g2_update_dimension_r0
 .text.u8g2_update_page_win_r0
                0x00004050       0x70 u8g2/u8g2_setup.o
                0x00004050                u8g2_update_page_win_r0
 .text.u8g2_SetupBuffer
                0x000040c0       0x6c u8g2/u8g2_setup.o
                0x000040c0                u8g2_SetupBuffer
 .text.u8x8_ascii_next
                0x0000412c       0x14 u8g2/u8x8_8x8.o
                0x0000412c                u8x8_ascii_next
 .text.u8x8_utf8_init
                0x00004140        0x6 u8g2/u8x8_8x8.o
                0x00004140                u8x8_utf8_init
 .text.u8x8_byte_SetDC
                0x00004146       0x14 u8g2/u8x8_byte.o
                0x00004146                u8x8_byte_SetDC
 .text.u8x8_byte_SendBytes
                0x0000415a       0x12 u8g2/u8x8_byte.o
                0x0000415a                u8x8_byte_SendBytes
 .text.u8x8_byte_SendByte
                0x0000416c       0x20 u8g2/u8x8_byte.o
                0x0000416c                u8x8_byte_SendByte
 .text.u8x8_cad_SendCmd
                0x0000418c       0x14 u8g2/u8x8_cad.o
                0x0000418c                u8x8_cad_SendCmd
 .text.u8x8_cad_SendData
                0x000041a0       0x12 u8g2/u8x8_cad.o
                0x000041a0                u8x8_cad_SendData
 .text.u8x8_cad_StartTransfer
                0x000041b2       0x14 u8g2/u8x8_cad.o
                0x000041b2                u8x8_cad_StartTransfer
 .text.u8x8_cad_EndTransfer
                0x000041c6       0x14 u8g2/u8x8_cad.o
                0x000041c6                u8x8_cad_EndTransfer
 .text.u8x8_cad_110
                0x000041da       0x80 u8g2/u8x8_cad.o
                0x000041da                u8x8_cad_110
 .text.u8x8_d_helper_display_setup_memory
                0x0000425a       0x10 u8g2/u8x8_display.o
                0x0000425a                u8x8_d_helper_display_setup_memory
 .text.u8x8_d_helper_display_init
                0x0000426a       0x70 u8g2/u8x8_display.o
                0x0000426a                u8x8_d_helper_display_init
 .text.u8x8_DrawTile
                0x000042da       0x46 u8g2/u8x8_display.o
                0x000042da                u8x8_DrawTile
 .text.u8x8_SetupMemory
                0x00004320       0x14 u8g2/u8x8_display.o
                0x00004320                u8x8_SetupMemory
 .text.u8x8_InitDisplay
                0x00004334       0x14 u8g2/u8x8_display.o
                0x00004334                u8x8_InitDisplay
 .text.u8x8_SetContrast
                0x00004348       0x14 u8g2/u8x8_display.o
                0x00004348                u8x8_SetContrast
 .text.u8x8_RefreshDisplay
                0x0000435c       0x14 u8g2/u8x8_display.o
                0x0000435c                u8x8_RefreshDisplay
 .text.u8x8_d_ise97002ks_gu128x64
                0x00004370      0x21c u8g2/u8x8_d_ise97002ks_gu128x64.o
                0x00004370                u8x8_d_ise97002ks_gu128x64
 .text.u8x8_gpio_call
                0x0000458c       0x10 u8g2/u8x8_gpio.o
                0x0000458c                u8x8_gpio_call
 .text.u8x8_Setup
                0x0000459c       0x36 u8g2/u8x8_setup.o
                0x0000459c                u8x8_Setup
 .text.u8x8_byte_avr_hw_spi
                0x000045d2      0x1a6 u8g2_hal/u8x8_avr.o
                0x000045d2                u8x8_byte_avr_hw_spi
 .text.u8x8_gpio_and_delay
                0x00004778       0xb0 u8g2_hal/u8x8_avr.o
                0x00004778                u8x8_gpio_and_delay
 .text.libgcc.div
                0x00004828       0x28 d:/atmel/studio/7.0/toolchain/avr8/avr8-gnu-toolchain/bin/../lib/gcc/avr/5.4.0/avr5\libgcc.a(_udivmodhi4.o)
                0x00004828                __udivmodhi4
 .text.libgcc.div
                0x00004850       0x44 d:/atmel/studio/7.0/toolchain/avr8/avr8-gnu-toolchain/bin/../lib/gcc/avr/5.4.0/avr5\libgcc.a(_udivmodsi4.o)
                0x00004850                __udivmodsi4
 .text.libgcc.div
                0x00004894       0x2e d:/atmel/studio/7.0/toolchain/avr8/avr8-gnu-toolchain/bin/../lib/gcc/avr/5.4.0/avr5\libgcc.a(_divmodsi4.o)
                0x00004894                __divmodsi4
 .text.libgcc.div
                0x000048c2       0x10 d:/atmel/studio/7.0/toolchain/avr8/avr8-gnu-toolchain/bin/../lib/gcc/avr/5.4.0/avr5\libgcc.a(_negsi2.o)
                0x000048c2                __negsi2
 .text.libgcc.mul
                0x000048d2       0x1e d:/atmel/studio/7.0/toolchain/avr8/avr8-gnu-toolchain/bin/../lib/gcc/avr/5.4.0/avr5\libgcc.a(_umulhisi3.o)
                0x000048d2                __umulhisi3
 .text.avr-libc
                0x000048f0       0x12 d:/atmel/studio/7.0/toolchain/avr8/avr8-gnu-toolchain/bin/../lib/gcc/avr/5.4.0/../../../../avr/lib/avr5\libc.a(memcpy.o)
                0x000048f0                memcpy
 .text.avr-libc
                0x00004902        0xe d:/atmel/studio/7.0/toolchain/avr8/avr8-gnu-toolchain/bin/../lib/gcc/avr/5.4.0/../../../../avr/lib/avr5\libc.a(memset.o)
                0x00004902                memset
 .text.avr-libc
                0x00004910       0x60 d:/atmel/studio/7.0/toolchain/avr8/avr8-gnu-toolchain/bin/../lib/gcc/avr/5.4.0/../../../../avr/lib/avr5\libc.a(snprintf.o)
                0x00004910                snprintf
 .text.avr-libc
                0x00004970      0x3c2 d:/atmel/studio/7.0/toolchain/avr8/avr8-gnu-toolchain/bin/../lib/gcc/avr/5.4.0/../../../../avr/lib/avr5\libc.a(vfprintf_std.o)
                0x00004970                vfprintf
 .text.avr-libc
                0x00004d32       0x16 d:/atmel/studio/7.0/toolchain/avr8/avr8-gnu-toolchain/bin/../lib/gcc/avr/5.4.0/../../../../avr/lib/avr5\libc.a(strnlen_P.o)
                0x00004d32                strnlen_P
 .text.avr-libc
                0x00004d48       0x16 d:/atmel/studio/7.0/toolchain/avr8/avr8-gnu-toolchain/bin/../lib/gcc/avr/5.4.0/../../../../avr/lib/avr5\libc.a(strnlen.o)
                0x00004d48                strnlen
 .text.avr-libc
                0x00004d5e       0x78 d:/atmel/studio/7.0/toolchain/avr8/avr8-gnu-toolchain/bin/../lib/gcc/avr/5.4.0/../../../../avr/lib/avr5\libc.a(fputc.o)
                0x00004d5e                fputc
 .text.avr-libc
                0x00004dd6       0xbc d:/atmel/studio/7.0/toolchain/avr8/avr8-gnu-toolchain/bin/../lib/gcc/avr/5.4.0/../../../../avr/lib/avr5\libc.a(ultoa_invert.o)
                0x00004dd6                __ultoa_invert
 .text.libgcc.prologue
                0x00004e92       0x38 d:/atmel/studio/7.0/toolchain/avr8/avr8-gnu-toolchain/bin/../lib/gcc/avr/5.4.0/avr5\libgcc.a(_prologue.o)
                0x00004e92                __prologue_saves__
 .text.libgcc.prologue
                0x00004eca       0x36 d:/atmel/studio/7.0/toolchain/avr8/avr8-gnu-toolchain/bin/../lib/gcc/avr/5.4.0/avr5\libgcc.a(_epilogue.o)
                0x00004eca                __epilogue_restores__
                0x00004f00                . = ALIGN (0x2)
 *(.fini9)
 .fini9         0x00004f00        0x0 d:/atmel/studio/7.0/toolchain/avr8/avr8-gnu-toolchain/bin/../lib/gcc/avr/5.4.0/avr5\libgcc.a(_exit.o)
                0x00004f00                exit
                0x00004f00                _exit
 *(.fini9)
 *(.fini8)
 *(.fini8)
 *(.fini7)
 *(.fini7)
 *(.fini6)
 *(.fini6)
 *(.fini5)
 *(.fini5)
 *(.fini4)
 *(.fini4)
 *(.fini3)
 *(.fini3)
 *(.fini2)
 *(.fini2)
 *(.fini1)
 *(.fini1)
 *(.fini0)
 .fini0         0x00004f00        0x4 d:/atmel/studio/7.0/toolchain/avr8/avr8-gnu-toolchain/bin/../lib/gcc/avr/5.4.0/avr5\libgcc.a(_exit.o)
 *(.fini0)
                0x00004f04                _etext = .

.data           0x00800100       0x62 load address 0x00004f04
                0x00800100                PROVIDE (__data_start, .)
 *(.data)
 *(.data*)
 .data.xFreeBytesRemaining
                0x00800100        0x2 Source/portable/MemMang/heap_2.o
 *(.gnu.linkonce.d*)
 *(.rodata)
 *(.rodata*)
 .rodata.str1.1
                0x00800102        0x8 display_tasks.o
 .rodata.str1.1
                0x0080010a       0x15 main.o
 .rodata.str1.1
                0x0080011f       0x25 misc_tasks.o
                                 0x30 (size before relaxing)
 .rodata.u8g2_cb_r0
                0x00800144        0x6 u8g2/u8g2_setup.o
                0x00800144                u8g2_cb_r0
 .rodata.u8x8_ise97002ks_gu128x64_display_info
                0x0080014a       0x18 u8g2/u8x8_d_ise97002ks_gu128x64.o
 *(.gnu.linkonce.r*)
                0x00800162                . = ALIGN (0x2)
                0x00800162                _edata = .
                0x00800162                PROVIDE (__data_end, .)

.bss            0x00800162      0x6f4
                0x00800162                PROVIDE (__bss_start, .)
 *(.bss)
 *(.bss*)
 .bss.adc_finish
                0x00800162        0x1 Drivers/adc.o
                0x00800162                adc_finish
 .bss.xCharsForTx
                0x00800163        0x2 Drivers/serial.o
 .bss.xRxedChars
                0x00800165        0x2 Drivers/serial.o
 .bss.xHeapHasBeenInitialised.2129
                0x00800167        0x1 Source/portable/MemMang/heap_2.o
 .bss.xEnd      0x00800168        0x4 Source/portable/MemMang/heap_2.o
 .bss.xStart    0x0080016c        0x4 Source/portable/MemMang/heap_2.o
 .bss.ucHeap    0x00800170      0x5dc Source/portable/MemMang/heap_2.o
 .bss.uxSchedulerSuspended
                0x0080074c        0x1 Source/tasks.o
 .bss.xIdleTaskHandle
                0x0080074d        0x2 Source/tasks.o
 .bss.xNextTaskUnblockTime
                0x0080074f        0x2 Source/tasks.o
 .bss.uxTaskNumber
                0x00800751        0x1 Source/tasks.o
 .bss.xNumOfOverflows
                0x00800752        0x1 Source/tasks.o
 .bss.xYieldPending
                0x00800753        0x1 Source/tasks.o
 .bss.xPendedTicks
                0x00800754        0x2 Source/tasks.o
 .bss.xSchedulerRunning
                0x00800756        0x1 Source/tasks.o
 .bss.uxTopReadyPriority
                0x00800757        0x1 Source/tasks.o
 .bss.xTickCount
                0x00800758        0x2 Source/tasks.o
 .bss.uxCurrentNumberOfTasks
                0x0080075a        0x1 Source/tasks.o
 .bss.uxDeletedTasksWaitingCleanUp
                0x0080075b        0x1 Source/tasks.o
 .bss.xTasksWaitingTermination
                0x0080075c        0x9 Source/tasks.o
 .bss.xPendingReadyList
                0x00800765        0x9 Source/tasks.o
 .bss.pxOverflowDelayedTaskList
                0x0080076e        0x2 Source/tasks.o
 .bss.pxDelayedTaskList
                0x00800770        0x2 Source/tasks.o
 .bss.xDelayedTaskList2
                0x00800772        0x9 Source/tasks.o
 .bss.xDelayedTaskList1
                0x0080077b        0x9 Source/tasks.o
 .bss.pxReadyTasksLists
                0x00800784       0x48 Source/tasks.o
 .bss.pxCurrentTCB
                0x008007cc        0x2 Source/tasks.o
                0x008007cc                pxCurrentTCB
 .bss.buf.8634  0x008007ce       0x80 u8g2/u8g2_d_memory.o
 *(COMMON)
 COMMON         0x0080084e        0x2 Drivers/adc.o
                0x0080084e                adc_value
 COMMON         0x00800850        0x6 main.o
                0x00800850                contextInst
                0x00800856                PROVIDE (__bss_end, .)
                0x00004f04                __data_load_start = LOADADDR (.data)
                0x00004f66                __data_load_end = (__data_load_start + SIZEOF (.data))

.noinit         0x00800856        0x0
                [!provide]                PROVIDE (__noinit_start, .)
 *(.noinit*)
                [!provide]                PROVIDE (__noinit_end, .)
                0x00800856                _end = .
                [!provide]                PROVIDE (__heap_start, .)

.eeprom         0x00810000        0x0
 *(.eeprom*)
                0x00810000                __eeprom_end = .

.fuse
 *(.fuse)
 *(.lfuse)
 *(.hfuse)
 *(.efuse)

.lock
 *(.lock*)

.signature
 *(.signature*)

.user_signatures
 *(.user_signatures*)

.stab
 *(.stab)

.stabstr
 *(.stabstr)

.stab.excl
 *(.stab.excl)

.stab.exclstr
 *(.stab.exclstr)

.stab.index
 *(.stab.index)

.stab.indexstr
 *(.stab.indexstr)

.comment        0x00000000       0x5c
 *(.comment)
 .comment       0x00000000       0x30 adc_tasks.o
                                 0x31 (size before relaxing)
 .comment       0x00000030       0x31 display_tasks.o
 .comment       0x00000030       0x31 Drivers/adc.o
 .comment       0x00000030       0x31 Drivers/serial.o
 .comment       0x00000030       0x31 main.o
 .comment       0x00000030       0x31 Source/list.o
 .comment       0x00000030       0x31 Source/portable/MemMang/heap_2.o
 .comment       0x00000030       0x31 Source/portable/ThirdParty/GCC/ATmega/port.o
 .comment       0x00000030       0x31 Source/queue.o
 .comment       0x00000030       0x31 Source/tasks.o
 .comment       0x00000030       0x31 misc_tasks.o
 .comment       0x00000030       0x31 speaker_tasks.o
 .comment       0x00000030       0x31 u8g2/u8g2_box.o
 .comment       0x00000030       0x31 u8g2/u8g2_buffer.o
 .comment       0x00000030       0x31 u8g2/u8g2_circle.o
 .comment       0x00000030       0x31 u8g2/u8g2_d_memory.o
 .comment       0x00000030       0x31 u8g2/u8g2_d_setup.o
 .comment       0x00000030       0x31 u8g2/u8g2_font.o
 .comment       0x00000030       0x31 u8g2/u8g2_fonts.o
 .comment       0x00000030       0x31 u8g2/u8g2_hvline.o
 .comment       0x00000030       0x31 u8g2/u8g2_intersection.o
 .comment       0x00000030       0x31 u8g2/u8g2_line.o
 .comment       0x00000030       0x31 u8g2/u8g2_ll_hvline.o
 .comment       0x00000030       0x31 u8g2/u8g2_setup.o
 .comment       0x00000030       0x31 u8g2/u8x8_8x8.o
 .comment       0x00000030       0x31 u8g2/u8x8_byte.o
 .comment       0x00000030       0x31 u8g2/u8x8_cad.o
 .comment       0x00000030       0x31 u8g2/u8x8_display.o
 .comment       0x00000030       0x31 u8g2/u8x8_d_ise97002ks_gu128x64.o
 .comment       0x00000030       0x31 u8g2/u8x8_gpio.o
 .comment       0x00000030       0x31 u8g2/u8x8_setup.o
 .comment       0x00000030       0x31 u8g2_hal/u8x8_avr.o
 .comment       0x00000030       0x31 d:/atmel/studio/7.0/toolchain/avr8/avr8-gnu-toolchain/bin/../lib/gcc/avr/5.4.0/../../../../avr/lib/avr5\libc.a(snprintf.o)
 .comment       0x00000030       0x2c d:/atmel/studio/7.0/toolchain/avr8/avr8-gnu-toolchain/bin/../lib/gcc/avr/5.4.0/../../../../avr/lib/avr5\libc.a(vfprintf_std.o)
                                 0x2d (size before relaxing)
 .comment       0x0000005c       0x31 d:/atmel/studio/7.0/toolchain/avr8/avr8-gnu-toolchain/bin/../lib/gcc/avr/5.4.0/../../../../avr/lib/avr5\libc.a(fputc.o)

.note.gnu.avr.deviceinfo
                0x00000000       0x40
 .note.gnu.avr.deviceinfo
                0x00000000       0x40 D:/Atmel/Studio/7.0/Packs/atmel/ATmega_DFP/1.3.300/gcc/dev/atmega328p/avr5/crtatmega328p.o

.note.gnu.build-id
 *(.note.gnu.build-id)

.debug
 *(.debug)

.line
 *(.line)

.debug_srcinfo
 *(.debug_srcinfo)

.debug_sfnames
 *(.debug_sfnames)

.debug_aranges
 *(.debug_aranges)

.debug_pubnames
 *(.debug_pubnames)

.debug_info     0x00000000      0x5f4
 *(.debug_info .gnu.linkonce.wi.*)
 .debug_info    0x00000000      0x5f4 D:/Atmel/Studio/7.0/Packs/atmel/ATmega_DFP/1.3.300/gcc/dev/atmega328p/avr5/crtatmega328p.o

.debug_abbrev   0x00000000      0x5a2
 *(.debug_abbrev)
 .debug_abbrev  0x00000000      0x5a2 D:/Atmel/Studio/7.0/Packs/atmel/ATmega_DFP/1.3.300/gcc/dev/atmega328p/avr5/crtatmega328p.o

.debug_line     0x00000000      0x133
 *(.debug_line .debug_line.* .debug_line_end)
 .debug_line    0x00000000      0x133 D:/Atmel/Studio/7.0/Packs/atmel/ATmega_DFP/1.3.300/gcc/dev/atmega328p/avr5/crtatmega328p.o

.debug_frame
 *(.debug_frame)

.debug_str      0x00000000      0x208
 *(.debug_str)
 .debug_str     0x00000000      0x208 D:/Atmel/Studio/7.0/Packs/atmel/ATmega_DFP/1.3.300/gcc/dev/atmega328p/avr5/crtatmega328p.o

.debug_loc
 *(.debug_loc)

.debug_macinfo
 *(.debug_macinfo)

.debug_weaknames
 *(.debug_weaknames)

.debug_funcnames
 *(.debug_funcnames)

.debug_typenames
 *(.debug_typenames)

.debug_varnames
 *(.debug_varnames)

.debug_pubtypes
 *(.debug_pubtypes)

.debug_ranges
 *(.debug_ranges)

.debug_macro
 *(.debug_macro)
OUTPUT(GccApplication1.elf elf32-avr)
LOAD linker stubs
