Archive member included to satisfy reference by file (symbol)

c:/program files (x86)/atmel/studio/7.0/toolchain/avr8/avr8-gnu-toolchain/bin/../lib/gcc/avr/5.4.0/avr5\libgcc.a(_udivmodqi4.o)
                              u8g2/u8g2_selection_list.o (__udivmodqi4)
c:/program files (x86)/atmel/studio/7.0/toolchain/avr8/avr8-gnu-toolchain/bin/../lib/gcc/avr/5.4.0/avr5\libgcc.a(_udivmodhi4.o)
                              app_display.o (__udivmodhi4)
c:/program files (x86)/atmel/studio/7.0/toolchain/avr8/avr8-gnu-toolchain/bin/../lib/gcc/avr/5.4.0/avr5\libgcc.a(_divmodhi4.o)
                              u8g2/u8g2_polygon.o (__divmodhi4)
c:/program files (x86)/atmel/studio/7.0/toolchain/avr8/avr8-gnu-toolchain/bin/../lib/gcc/avr/5.4.0/avr5\libgcc.a(_udivmodsi4.o)
                              drivers/twimastertimeout.o (__udivmodsi4)
c:/program files (x86)/atmel/studio/7.0/toolchain/avr8/avr8-gnu-toolchain/bin/../lib/gcc/avr/5.4.0/avr5\libgcc.a(_divmodsi4.o)
                              app_display.o (__divmodsi4)
c:/program files (x86)/atmel/studio/7.0/toolchain/avr8/avr8-gnu-toolchain/bin/../lib/gcc/avr/5.4.0/avr5\libgcc.a(_negsi2.o)
                              c:/program files (x86)/atmel/studio/7.0/toolchain/avr8/avr8-gnu-toolchain/bin/../lib/gcc/avr/5.4.0/avr5\libgcc.a(_divmodsi4.o) (__negsi2)
c:/program files (x86)/atmel/studio/7.0/toolchain/avr8/avr8-gnu-toolchain/bin/../lib/gcc/avr/5.4.0/avr5\libgcc.a(_exit.o)
                              C:/Program Files (x86)/Atmel/Studio/7.0/Packs/atmel/ATmega_DFP/1.3.300/gcc/dev/atmega328p/avr5/crtatmega328p.o (exit)
c:/program files (x86)/atmel/studio/7.0/toolchain/avr8/avr8-gnu-toolchain/bin/../lib/gcc/avr/5.4.0/avr5\libgcc.a(_copy_data.o)
                              app_display.o (__do_copy_data)
c:/program files (x86)/atmel/studio/7.0/toolchain/avr8/avr8-gnu-toolchain/bin/../lib/gcc/avr/5.4.0/avr5\libgcc.a(_clear_bss.o)
                              app_adc.o (__do_clear_bss)
c:/program files (x86)/atmel/studio/7.0/toolchain/avr8/avr8-gnu-toolchain/bin/../lib/gcc/avr/5.4.0/avr5\libgcc.a(_umulhisi3.o)
                              u8g2/u8x8_avr.o (__umulhisi3)
c:/program files (x86)/atmel/studio/7.0/toolchain/avr8/avr8-gnu-toolchain/bin/../lib/gcc/avr/5.4.0/avr5\libgcc.a(_muluhisi3.o)
                              u8g2/u8x8_avr.o (__muluhisi3)
c:/program files (x86)/atmel/studio/7.0/toolchain/avr8/avr8-gnu-toolchain/bin/../lib/gcc/avr/5.4.0/../../../../avr/lib/avr5\libc.a(dtostrf.o)
                              drivers/usart.o (dtostrf)
c:/program files (x86)/atmel/studio/7.0/toolchain/avr8/avr8-gnu-toolchain/bin/../lib/gcc/avr/5.4.0/../../../../avr/lib/avr5\libc.a(atof.o)
                              drivers/usart.o (atof)
c:/program files (x86)/atmel/studio/7.0/toolchain/avr8/avr8-gnu-toolchain/bin/../lib/gcc/avr/5.4.0/../../../../avr/lib/avr5\libc.a(atoi.o)
                              drivers/usart.o (atoi)
c:/program files (x86)/atmel/studio/7.0/toolchain/avr8/avr8-gnu-toolchain/bin/../lib/gcc/avr/5.4.0/../../../../avr/lib/avr5\libc.a(atol.o)
                              drivers/usart.o (atol)
c:/program files (x86)/atmel/studio/7.0/toolchain/avr8/avr8-gnu-toolchain/bin/../lib/gcc/avr/5.4.0/../../../../avr/lib/avr5\libc.a(memset.o)
                              u8g2/u8g2_buffer.o (memset)
c:/program files (x86)/atmel/studio/7.0/toolchain/avr8/avr8-gnu-toolchain/bin/../lib/gcc/avr/5.4.0/../../../../avr/lib/avr5\libc.a(itoa.o)
                              drivers/usart.o (__itoa)
c:/program files (x86)/atmel/studio/7.0/toolchain/avr8/avr8-gnu-toolchain/bin/../lib/gcc/avr/5.4.0/../../../../avr/lib/avr5\libc.a(itoa_ncheck.o)
                              drivers/usart.o (__itoa_ncheck)
c:/program files (x86)/atmel/studio/7.0/toolchain/avr8/avr8-gnu-toolchain/bin/../lib/gcc/avr/5.4.0/../../../../avr/lib/avr5\libc.a(ltoa.o)
                              drivers/usart.o (__ltoa)
c:/program files (x86)/atmel/studio/7.0/toolchain/avr8/avr8-gnu-toolchain/bin/../lib/gcc/avr/5.4.0/../../../../avr/lib/avr5\libc.a(ltoa_ncheck.o)
                              drivers/usart.o (__ltoa_ncheck)
c:/program files (x86)/atmel/studio/7.0/toolchain/avr8/avr8-gnu-toolchain/bin/../lib/gcc/avr/5.4.0/../../../../avr/lib/avr5\libc.a(mulsi10.o)
                              c:/program files (x86)/atmel/studio/7.0/toolchain/avr8/avr8-gnu-toolchain/bin/../lib/gcc/avr/5.4.0/../../../../avr/lib/avr5\libc.a(atol.o) (__mulsi_const_10)
c:/program files (x86)/atmel/studio/7.0/toolchain/avr8/avr8-gnu-toolchain/bin/../lib/gcc/avr/5.4.0/../../../../avr/lib/avr5\libc.a(mul10.o)
                              c:/program files (x86)/atmel/studio/7.0/toolchain/avr8/avr8-gnu-toolchain/bin/../lib/gcc/avr/5.4.0/../../../../avr/lib/avr5\libc.a(atoi.o) (__mulhi_const_10)
c:/program files (x86)/atmel/studio/7.0/toolchain/avr8/avr8-gnu-toolchain/bin/../lib/gcc/avr/5.4.0/../../../../avr/lib/avr5\libc.a(ultoa.o)
                              drivers/usart.o (__ultoa)
[...]
Memory Configuration

Name             Origin             Length             Attributes
text             0x00000000         0x00020000         xr
data             0x00800060         0x0000ffa0         rw !x
eeprom           0x00810000         0x00010000         rw !x
fuse             0x00820000         0x00000003         rw !x
lock             0x00830000         0x00000400         rw !x
signature        0x00840000         0x00000400         rw !x
user_signatures  0x00850000         0x00000400         rw !x
*default*        0x00000000         0xffffffff

Linker script and memory map

Address of section .data set to 0x800100
LOAD C:/Program Files (x86)/Atmel/Studio/7.0/Packs/atmel/ATmega_DFP/1.3.300/gcc/dev/atmega328p/avr5/crtatmega328p.o
LOAD app_adc.o
LOAD app_display.o
LOAD app_serial.o
LOAD app_speaker.o
LOAD drivers/adc.o
LOAD drivers/twimastertimeout.o
LOAD drivers/usart.o
LOAD extras/display_extras.o
LOAD main.o
LOAD u8g2/u8g2_bitmap.o
LOAD u8g2/u8g2_box.o
LOAD u8g2/u8g2_buffer.o
LOAD u8g2/u8g2_circle.o
LOAD u8g2/u8g2_cleardisplay.o
LOAD u8g2/u8g2_d_memory.o
LOAD u8g2/u8g2_d_setup.o
LOAD u8g2/u8g2_font.o
LOAD u8g2/u8g2_fonts.o
LOAD u8g2/u8g2_hvline.o
LOAD u8g2/u8g2_input_value.o
LOAD u8g2/u8g2_intersection.o
LOAD u8g2/u8g2_kerning.o
LOAD u8g2/u8g2_line.o
LOAD u8g2/u8g2_ll_hvline.o
LOAD u8g2/u8g2_message.o
LOAD u8g2/u8g2_polygon.o
LOAD u8g2/u8g2_selection_list.o
LOAD u8g2/u8g2_setup.o
LOAD u8g2/u8log.o
LOAD u8g2/u8log_u8g2.o
LOAD u8g2/u8log_u8x8.o
LOAD u8g2/u8x8_8x8.o
LOAD u8g2/u8x8_avr.o
LOAD u8g2/u8x8_byte.o
LOAD u8g2/u8x8_cad.o
LOAD u8g2/u8x8_capture.o
LOAD u8g2/u8x8_debounce.o
LOAD u8g2/u8x8_display.o
LOAD u8g2/u8x8_d_a2printer.o
LOAD u8g2/u8x8_d_il3820_296x128.o
LOAD u8g2/u8x8_d_ise97002ks_gu128x64.o
LOAD u8g2/u8x8_d_ist3020.o
LOAD u8g2/u8x8_d_ist7920.o
LOAD u8g2/u8x8_d_ks0108.o
LOAD u8g2/u8x8_d_lc7981.o
LOAD u8g2/u8x8_d_ld7032_60x32.o
LOAD u8g2/u8x8_d_ls013b7dh03.o
LOAD u8g2/u8x8_d_max7219.o
LOAD u8g2/u8x8_d_pcd8544_84x48.o
LOAD u8g2/u8x8_d_pcf8812.o
LOAD u8g2/u8x8_d_pcf8814_hx1230.o
LOAD u8g2/u8x8_d_sbn1661.o
LOAD u8g2/u8x8_d_sed1330.o
LOAD u8g2/u8x8_d_sh1106_64x32.o
LOAD u8g2/u8x8_d_sh1106_72x40.o
LOAD u8g2/u8x8_d_sh1107.o
LOAD u8g2/u8x8_d_sh1108.o
LOAD u8g2/u8x8_d_sh1122.o
LOAD u8g2/u8x8_d_ssd1305.o
LOAD u8g2/u8x8_d_ssd1306_128x32.o
LOAD u8g2/u8x8_d_ssd1306_128x64_noname.o
LOAD u8g2/u8x8_d_ssd1306_2040x16.o
LOAD u8g2/u8x8_d_ssd1306_48x64.o
LOAD u8g2/u8x8_d_ssd1306_64x32.o
LOAD u8g2/u8x8_d_ssd1306_64x48.o
LOAD u8g2/u8x8_d_ssd1306_72x40.o
LOAD u8g2/u8x8_d_ssd1306_96x16.o
LOAD u8g2/u8x8_d_ssd1309.o
LOAD u8g2/u8x8_d_ssd1316.o
LOAD u8g2/u8x8_d_ssd1317.o
LOAD u8g2/u8x8_d_ssd1318.o
LOAD u8g2/u8x8_d_ssd1322.o
LOAD u8g2/u8x8_d_ssd1325.o
LOAD u8g2/u8x8_d_ssd1326.o
LOAD u8g2/u8x8_d_ssd1327.o
LOAD u8g2/u8x8_d_ssd1329.o
LOAD u8g2/u8x8_d_ssd1606_172x72.o
LOAD u8g2/u8x8_d_ssd1607_200x200.o
LOAD u8g2/u8x8_d_st7511.o
LOAD u8g2/u8x8_d_st75256.o
LOAD u8g2/u8x8_d_st7528.o
LOAD u8g2/u8x8_d_st75320.o
LOAD u8g2/u8x8_d_st7565.o
LOAD u8g2/u8x8_d_st7567.o
LOAD u8g2/u8x8_d_st7586s_erc240160.o
LOAD u8g2/u8x8_d_st7586s_s028hn118a.o
LOAD u8g2/u8x8_d_st7588.o
LOAD u8g2/u8x8_d_st7920.o
LOAD u8g2/u8x8_d_stdio.o
LOAD u8g2/u8x8_d_t6963.o
LOAD u8g2/u8x8_d_uc1601.o
LOAD u8g2/u8x8_d_uc1604.o
LOAD u8g2/u8x8_d_uc1608.o
LOAD u8g2/u8x8_d_uc1610.o
LOAD u8g2/u8x8_d_uc1611.o
LOAD u8g2/u8x8_d_uc1617.o
LOAD u8g2/u8x8_d_uc1638.o
LOAD u8g2/u8x8_d_uc1701_dogs102.o
LOAD u8g2/u8x8_d_uc1701_mini12864.o
LOAD u8g2/u8x8_fonts.o
LOAD u8g2/u8x8_gpio.o
LOAD u8g2/u8x8_input_value.o
LOAD u8g2/u8x8_message.o
LOAD u8g2/u8x8_selection_list.o
LOAD u8g2/u8x8_setup.o
LOAD u8g2/u8x8_string.o
LOAD u8g2/u8x8_u16toa.o
LOAD u8g2/u8x8_u8toa.o
START GROUP
LOAD c:/program files (x86)/atmel/studio/7.0/toolchain/avr8/avr8-gnu-toolchain/bin/../lib/gcc/avr/5.4.0/../../../../avr/lib/avr5\libm.a
END GROUP
START GROUP
LOAD c:/program files (x86)/atmel/studio/7.0/toolchain/avr8/avr8-gnu-toolchain/bin/../lib/gcc/avr/5.4.0/avr5\libgcc.a
LOAD c:/program files (x86)/atmel/studio/7.0/toolchain/avr8/avr8-gnu-toolchain/bin/../lib/gcc/avr/5.4.0/../../../../avr/lib/avr5\libm.a
LOAD c:/program files (x86)/atmel/studio/7.0/toolchain/avr8/avr8-gnu-toolchain/bin/../lib/gcc/avr/5.4.0/../../../../avr/lib/avr5\libc.a
LOAD C:/Program Files (x86)/Atmel/Studio/7.0/Packs/atmel/ATmega_DFP/1.3.300/gcc/dev/atmega328p/avr5\libatmega328p.a
END GROUP
                0x00000000                __TEXT_REGION_ORIGIN__ = DEFINED (__TEXT_REGION_ORIGIN__)?__TEXT_REGION_ORIGIN__:0x0
                0x00800060                __DATA_REGION_ORIGIN__ = DEFINED (__DATA_REGION_ORIGIN__)?__DATA_REGION_ORIGIN__:0x800060
                0x00020000                __TEXT_REGION_LENGTH__ = DEFINED (__TEXT_REGION_LENGTH__)?__TEXT_REGION_LENGTH__:0x20000
                0x0000ffa0                __DATA_REGION_LENGTH__ = DEFINED (__DATA_REGION_LENGTH__)?__DATA_REGION_LENGTH__:0xffa0
                0x00010000                __EEPROM_REGION_LENGTH__ = DEFINED (__EEPROM_REGION_LENGTH__)?__EEPROM_REGION_LENGTH__:0x10000
                [0x00000003]                __FUSE_REGION_LENGTH__ = DEFINED (__FUSE_REGION_LENGTH__)?__FUSE_REGION_LENGTH__:0x400
                0x00000400                __LOCK_REGION_LENGTH__ = DEFINED (__LOCK_REGION_LENGTH__)?__LOCK_REGION_LENGTH__:0x400
                0x00000400                __SIGNATURE_REGION_LENGTH__ = DEFINED (__SIGNATURE_REGION_LENGTH__)?__SIGNATURE_REGION_LENGTH__:0x400
                0x00000400                __USER_SIGNATURE_REGION_LENGTH__ = DEFINED (__USER_SIGNATURE_REGION_LENGTH__)?__USER_SIGNATURE_REGION_LENGTH__:0x400

.hash
 *(.hash)

.dynsym
 *(.dynsym)

.dynstr
 *(.dynstr)

.gnu.version
 *(.gnu.version)

.gnu.version_d
 *(.gnu.version_d)

.gnu.version_r
 *(.gnu.version_r)

.rel.init
 *(.rel.init)

.rela.init
 *(.rela.init)

.rel.text
 *(.rel.text)
 *(.rel.text.*)
 *(.rel.gnu.linkonce.t*)

.rela.text
 *(.rela.text)
 *(.rela.text.*)
 *(.rela.gnu.linkonce.t*)

.rel.fini
 *(.rel.fini)

.rela.fini
 *(.rela.fini)

.rel.rodata
 *(.rel.rodata)
 *(.rel.rodata.*)
 *(.rel.gnu.linkonce.r*)

.rela.rodata
 *(.rela.rodata)
 *(.rela.rodata.*)
 *(.rela.gnu.linkonce.r*)

.rel.data
 *(.rel.data)
 *(.rel.data.*)
 *(.rel.gnu.linkonce.d*)

.rela.data
 *(.rela.data)
 *(.rela.data.*)
 *(.rela.gnu.linkonce.d*)

.rel.ctors
 *(.rel.ctors)

.rela.ctors
 *(.rela.ctors)

.rel.dtors
 *(.rel.dtors)

.rela.dtors
 *(.rela.dtors)

.rel.got
 *(.rel.got)

.rela.got
 *(.rela.got)

.rel.bss
 *(.rel.bss)

.rela.bss
 *(.rela.bss)

.rel.plt
 *(.rel.plt)

.rela.plt
 *(.rela.plt)

.text           0x00000000     0x30e6
 *(.vectors)
 .vectors       0x00000000       0x68 C:/Program Files (x86)/Atmel/Studio/7.0/Packs/atmel/ATmega_DFP/1.3.300/gcc/dev/atmega328p/avr5/crtatmega328p.o
                0x00000000                __vectors
                0x00000000                __vector_default
 *(.vectors)
 *(.progmem.gcc*)
                0x00000068                . = ALIGN (0x2)
                0x00000068                __trampolines_start = .
 *(.trampolines)
 .trampolines   0x00000068        0x0 linker stubs
 *(.trampolines*)
                0x00000068                __trampolines_end = .
 *libprintf_flt.a:*(.progmem.data)
 *libc.a:*(.progmem.data)
 *(.progmem*)
 .progmem.u8g2_font_4x6_mf
                0x00000068      0x641 u8g2/u8g2_fonts.o
                0x00000068                u8g2_font_4x6_mf
                0x000006aa                . = ALIGN (0x2)
 *fill*         0x000006a9        0x1 
 *(.jumptables)
 *(.jumptables*)
 *(.lowtext)
 *(.lowtext*)
                0x000006aa                __ctors_start = .
 *(.ctors)
                0x000006aa                __ctors_end = .
                0x000006aa                __dtors_start = .
 *(.dtors)
                0x000006aa                __dtors_end = .
 SORT(*)(.ctors)
 SORT(*)(.dtors)
 *(.init0)
 .init0         0x000006aa        0x0 C:/Program Files (x86)/Atmel/Studio/7.0/Packs/atmel/ATmega_DFP/1.3.300/gcc/dev/atmega328p/avr5/crtatmega328p.o
                0x000006aa                __init
 *(.init0)
 *(.init1)
 *(.init1)
 *(.init2)
 .init2         0x000006aa        0xc C:/Program Files (x86)/Atmel/Studio/7.0/Packs/atmel/ATmega_DFP/1.3.300/gcc/dev/atmega328p/avr5/crtatmega328p.o
 *(.init2)
 *(.init3)
 *(.init3)
 *(.init4)
 .init4         0x000006b6       0x16 c:/program files (x86)/atmel/studio/7.0/toolchain/avr8/avr8-gnu-toolchain/bin/../lib/gcc/avr/5.4.0/avr5\libgcc.a(_copy_data.o)
                0x000006b6                __do_copy_data
 .init4         0x000006cc       0x10 c:/program files (x86)/atmel/studio/7.0/toolchain/avr8/avr8-gnu-toolchain/bin/../lib/gcc/avr/5.4.0/avr5\libgcc.a(_clear_bss.o)
                0x000006cc                __do_clear_bss
 *(.init4)
 *(.init5)
 *(.init5)
 *(.init6)
 *(.init6)
 *(.init7)
 *(.init7)
 *(.init8)
 *(.init8)
 *(.init9)
 .init9         0x000006dc        0x8 C:/Program Files (x86)/Atmel/Studio/7.0/Packs/atmel/ATmega_DFP/1.3.300/gcc/dev/atmega328p/avr5/crtatmega328p.o
 *(.init9)
 *(.text)
 .text          0x000006e4        0x4 C:/Program Files (x86)/Atmel/Studio/7.0/Packs/atmel/ATmega_DFP/1.3.300/gcc/dev/atmega328p/avr5/crtatmega328p.o
                0x000006e4                __vector_22
                0x000006e4                __vector_20
                0x000006e4                __vector_24
                0x000006e4                __vector_23
                0x000006e4                __vector_25
                0x000006e4                __vector_12
                0x000006e4                __vector_13
                0x000006e4                __vector_10
                0x000006e4                __vector_11
                0x000006e4                __vector_3
                0x000006e4                __vector_4
                0x000006e4                __vector_9
                0x000006e4                __vector_2
                0x000006e4                __vector_1
                0x000006e4                __vector_7
                0x000006e4                __vector_6
                0x000006e4                __vector_5
                0x000006e4                __vector_8
                0x000006e4                __vector_15
                0x000006e4                __vector_16
                0x000006e4                __vector_17
                0x000006e4                __bad_interrupt
                0x000006e8                . = ALIGN (0x2)
 *(.text.*)
 .text.app_adc_init
                0x000006e8        0xa app_adc.o
                0x000006e8                app_adc_init
 .text.app_adc  0x000006f2      0x17a app_adc.o
                0x000006f2                app_adc
 .text.app_gui_init
                0x0000086c       0x44 app_display.o
                0x0000086c                app_gui_init
 .text.app_gui  0x000008b0      0x348 app_display.o
                0x000008b0                app_gui
 .text.app_serial_init
                0x00000bf8       0x2a app_serial.o
                0x00000bf8                app_serial_init
 .text.app_serial
                0x00000c22       0x9c app_serial.o
                0x00000c22                app_serial
 .text.app_speaker_init
                0x00000cbe       0x5e app_speaker.o
                0x00000cbe                app_speaker_init
 .text.app_speaker
                0x00000d1c       0x68 app_speaker.o
                0x00000d1c                app_speaker
 .text.adc_set_channel
                0x00000d84       0x2a drivers/adc.o
                0x00000d84                adc_set_channel
 .text.adc_set_refs
                0x00000dae       0x16 drivers/adc.o
                0x00000dae                adc_set_refs
 .text.adc_set_adps
                0x00000dc4       0x10 drivers/adc.o
                0x00000dc4                adc_set_adps
 .text.adc_start_single
                0x00000dd4       0x12 drivers/adc.o
                0x00000dd4                adc_start_single
 .text.adc_enable
                0x00000de6        0xc drivers/adc.o
                0x00000de6                adc_enable
 .text.adc_is_finished
                0x00000df2        0x6 drivers/adc.o
                0x00000df2                adc_is_finished
 .text.adc_is_converting
                0x00000df8        0xc drivers/adc.o
                0x00000df8                adc_is_converting
 .text.adc_get_value
                0x00000e04        0xe drivers/adc.o
                0x00000e04                adc_get_value
 .text.__vector_21
                0x00000e12       0x32 drivers/adc.o
                0x00000e12                __vector_21
 .text.i2c_init
                0x00000e44       0x2c drivers/twimastertimeout.o
                0x00000e44                i2c_init
 .text.i2c_start_wait
                0x00000e70       0x7e drivers/twimastertimeout.o
                0x00000e70                i2c_start_wait
 .text.i2c_stop
                0x00000eee       0x1e drivers/twimastertimeout.o
                0x00000eee                i2c_stop
 .text.i2c_write
                0x00000f0c       0x42 drivers/twimastertimeout.o
                0x00000f0c                i2c_write
 .text.uart0_putstr
                0x00000f4e       0x42 drivers/usart.o
                0x00000f4e                uart0_putstr
 .text.__vector_19
                0x00000f90       0x3c drivers/usart.o
                0x00000f90                __vector_19
 .text.__vector_18
                0x00000fcc       0x36 drivers/usart.o
                0x00000fcc                __vector_18
 .text.drawCursorWithFrame
                0x00001002       0x5e extras/display_extras.o
                0x00001002                drawCursorWithFrame
 .text.drawHBarGraph
                0x00001060       0x5e extras/display_extras.o
                0x00001060                drawHBarGraph
 .text.startup.main
                0x000010be       0x46 main.o
                0x000010be                main
 .text.__vector_14
                0x00001104       0x32 main.o
                0x00001104                __vector_14
 .text.u8g2_DrawBox
                0x00001136       0x50 u8g2/u8g2_box.o
                0x00001136                u8g2_DrawBox
 .text.u8g2_DrawFrame
                0x00001186       0x88 u8g2/u8g2_box.o
                0x00001186                u8g2_DrawFrame
 .text.u8g2_send_buffer
                0x0000120e       0x96 u8g2/u8g2_buffer.o
 .text.u8g2_ClearBuffer
                0x000012a4       0x2a u8g2/u8g2_buffer.o
                0x000012a4                u8g2_ClearBuffer
 .text.u8g2_SendBuffer
                0x000012ce       0x14 u8g2/u8g2_buffer.o
                0x000012ce                u8g2_SendBuffer
 .text.u8g2_draw_circle_section
                0x000012e2       0xb8 u8g2/u8g2_circle.o
 .text.u8g2_DrawCircle
                0x0000139a       0xa2 u8g2/u8g2_circle.o
                0x0000139a                u8g2_DrawCircle
 .text.u8g2_m_16_8_f
                0x0000143c        0xc u8g2/u8g2_d_memory.o
                0x0000143c                u8g2_m_16_8_f
 .text.u8g2_Setup_sh1106_i2c_128x64_noname_f
                0x00001448       0x56 u8g2/u8g2_d_setup.o
                0x00001448                u8g2_Setup_sh1106_i2c_128x64_noname_f
 .text.u8g2_font_get_word
                0x0000149e       0x18 u8g2/u8g2_font.o
 .text.u8g2_font_calc_vref_font
                0x000014b6        0x4 u8g2/u8g2_font.o
                0x000014b6                u8g2_font_calc_vref_font
 .text.u8g2_font_get_word.constprop.2
                0x000014ba       0x14 u8g2/u8g2_font.o
 .text.u8g2_font_get_word.constprop.3
                0x000014ce       0x1a u8g2/u8g2_font.o
 .text.u8g2_add_vector_y
                0x000014e8       0x1a u8g2/u8g2_font.o
                0x000014e8                u8g2_add_vector_y
 .text.u8g2_add_vector_x
                0x00001502       0x1a u8g2/u8g2_font.o
                0x00001502                u8g2_add_vector_x
 .text.u8g2_font_decode_glyph
                0x0000151c      0x5ea u8g2/u8g2_font.o
                0x0000151c                u8g2_font_decode_glyph
 .text.u8g2_font_get_glyph_data
                0x00001b06       0xf6 u8g2/u8g2_font.o
                0x00001b06                u8g2_font_get_glyph_data
 .text.u8g2_draw_string
                0x00001bfc      0x10c u8g2/u8g2_font.o
 .text.u8g2_SetFontMode
                0x00001d08        0xa u8g2/u8g2_font.o
                0x00001d08                u8g2_SetFontMode
 .text.u8g2_DrawStr
                0x00001d12       0x12 u8g2/u8g2_font.o
                0x00001d12                u8g2_DrawStr
 .text.u8g2_SetFontPosBaseline
                0x00001d24        0xc u8g2/u8g2_font.o
                0x00001d24                u8g2_SetFontPosBaseline
 .text.u8g2_SetFont
                0x00001d30      0x1aa u8g2/u8g2_font.o
                0x00001d30                u8g2_SetFont
 .text.u8g2_draw_hv_line_2dir
                0x00001eda       0x1a u8g2/u8g2_hvline.o
                0x00001eda                u8g2_draw_hv_line_2dir
 .text.u8g2_DrawHVLine
                0x00001ef4       0xde u8g2/u8g2_hvline.o
                0x00001ef4                u8g2_DrawHVLine
 .text.u8g2_DrawPixel
                0x00001fd2       0x62 u8g2/u8g2_hvline.o
                0x00001fd2                u8g2_DrawPixel
 .text.u8g2_SetDrawColor
                0x00002034       0x14 u8g2/u8g2_hvline.o
                0x00002034                u8g2_SetDrawColor
 .text.u8g2_IsIntersection
                0x00002048       0x3e u8g2/u8g2_intersection.o
                0x00002048                u8g2_IsIntersection
 .text.u8g2_DrawLine
                0x00002086      0x138 u8g2/u8g2_line.o
                0x00002086                u8g2_DrawLine
 .text.u8g2_ll_hvline_vertical_top_lsb
                0x000021be       0xb8 u8g2/u8g2_ll_hvline.o
                0x000021be                u8g2_ll_hvline_vertical_top_lsb
 .text.u8g2_draw_l90_r0
                0x00002276        0xa u8g2/u8g2_setup.o
                0x00002276                u8g2_draw_l90_r0
 .text.u8g2_update_dimension_r0
                0x00002280       0x76 u8g2/u8g2_setup.o
                0x00002280                u8g2_update_dimension_r0
 .text.u8g2_update_page_win_r0
                0x000022f6       0x70 u8g2/u8g2_setup.o
                0x000022f6                u8g2_update_page_win_r0
 .text.u8g2_SetupBuffer
                0x00002366       0x6c u8g2/u8g2_setup.o
                0x00002366                u8g2_SetupBuffer
 .text.u8x8_ascii_next
                0x000023d2       0x14 u8g2/u8x8_8x8.o
                0x000023d2                u8x8_ascii_next
 .text.u8x8_utf8_init
                0x000023e6        0x6 u8g2/u8x8_8x8.o
                0x000023e6                u8x8_utf8_init
 .text.u8x8_byte_avr_hw_i2c
                0x000023ec       0x8c u8g2/u8x8_avr.o
                0x000023ec                u8x8_byte_avr_hw_i2c
 .text.u8x8_avr_delay
                0x00002478       0x6a u8g2/u8x8_avr.o
                0x00002478                u8x8_avr_delay
 .text.u8x8_byte_SendBytes
                0x000024e2       0x12 u8g2/u8x8_byte.o
                0x000024e2                u8x8_byte_SendBytes
 .text.u8x8_byte_SendByte
                0x000024f4       0x20 u8g2/u8x8_byte.o
                0x000024f4                u8x8_byte_SendByte
 .text.u8x8_byte_StartTransfer
                0x00002514       0x14 u8g2/u8x8_byte.o
                0x00002514                u8x8_byte_StartTransfer
 .text.u8x8_byte_EndTransfer
                0x00002528       0x14 u8g2/u8x8_byte.o
                0x00002528                u8x8_byte_EndTransfer
 .text.u8x8_i2c_data_transfer
                0x0000253c       0x3a u8g2/u8x8_cad.o
 .text.u8x8_cad_SendCmd
                0x00002576       0x14 u8g2/u8x8_cad.o
                0x00002576                u8x8_cad_SendCmd
 .text.u8x8_cad_SendArg
                0x0000258a       0x14 u8g2/u8x8_cad.o
                0x0000258a                u8x8_cad_SendArg
 .text.u8x8_cad_SendData
                0x0000259e       0x12 u8g2/u8x8_cad.o
                0x0000259e                u8x8_cad_SendData
 .text.u8x8_cad_StartTransfer
                0x000025b0       0x14 u8g2/u8x8_cad.o
                0x000025b0                u8x8_cad_StartTransfer
 .text.u8x8_cad_EndTransfer
                0x000025c4       0x14 u8g2/u8x8_cad.o
                0x000025c4                u8x8_cad_EndTransfer
 .text.u8x8_cad_SendSequence
                0x000025d8       0xaa u8g2/u8x8_cad.o
                0x000025d8                u8x8_cad_SendSequence
 .text.u8x8_cad_ssd13xx_i2c
                0x00002682       0xbc u8g2/u8x8_cad.o
                0x00002682                u8x8_cad_ssd13xx_i2c
 .text.u8x8_d_helper_display_setup_memory
                0x0000273e       0x10 u8g2/u8x8_display.o
                0x0000273e                u8x8_d_helper_display_setup_memory
 .text.u8x8_d_helper_display_init
                0x0000274e       0x70 u8g2/u8x8_display.o
                0x0000274e                u8x8_d_helper_display_init
 .text.u8x8_DrawTile
                0x000027be       0x46 u8g2/u8x8_display.o
                0x000027be                u8x8_DrawTile
 .text.u8x8_SetupMemory
                0x00002804       0x14 u8g2/u8x8_display.o
                0x00002804                u8x8_SetupMemory
 .text.u8x8_InitDisplay
                0x00002818       0x14 u8g2/u8x8_display.o
                0x00002818                u8x8_InitDisplay
 .text.u8x8_SetPowerSave
                0x0000282c       0x14 u8g2/u8x8_display.o
                0x0000282c                u8x8_SetPowerSave
 .text.u8x8_SetContrast
                0x00002840       0x14 u8g2/u8x8_display.o
                0x00002840                u8x8_SetContrast
 .text.u8x8_RefreshDisplay
                0x00002854       0x14 u8g2/u8x8_display.o
                0x00002854                u8x8_RefreshDisplay
 .text.u8x8_d_sh1106_128x64_noname
                0x00002868      0x158 u8g2/u8x8_d_ssd1306_128x64_noname.o
                0x00002868                u8x8_d_sh1106_128x64_noname
 .text.u8x8_gpio_call
                0x000029c0       0x10 u8g2/u8x8_gpio.o
                0x000029c0                u8x8_gpio_call
 .text.u8x8_Setup
                0x000029d0       0x36 u8g2/u8x8_setup.o
                0x000029d0                u8x8_Setup
 .text.libgcc.div
                0x00002a06       0x28 c:/program files (x86)/atmel/studio/7.0/toolchain/avr8/avr8-gnu-toolchain/bin/../lib/gcc/avr/5.4.0/avr5\libgcc.a(_udivmodhi4.o)
                0x00002a06                __udivmodhi4
 .text.libgcc.div
                0x00002a2e       0x44 c:/program files (x86)/atmel/studio/7.0/toolchain/avr8/avr8-gnu-toolchain/bin/../lib/gcc/avr/5.4.0/avr5\libgcc.a(_udivmodsi4.o)
                0x00002a2e                __udivmodsi4
 .text.libgcc.div
                0x00002a72       0x2e c:/program files (x86)/atmel/studio/7.0/toolchain/avr8/avr8-gnu-toolchain/bin/../lib/gcc/avr/5.4.0/avr5\libgcc.a(_divmodsi4.o)
                0x00002a72                __divmodsi4
 .text.libgcc.div
                0x00002aa0       0x10 c:/program files (x86)/atmel/studio/7.0/toolchain/avr8/avr8-gnu-toolchain/bin/../lib/gcc/avr/5.4.0/avr5\libgcc.a(_negsi2.o)
                0x00002aa0                __negsi2
 .text.libgcc.mul
                0x00002ab0       0x1e c:/program files (x86)/atmel/studio/7.0/toolchain/avr8/avr8-gnu-toolchain/bin/../lib/gcc/avr/5.4.0/avr5\libgcc.a(_umulhisi3.o)
                0x00002ab0                __umulhisi3
 .text.libgcc.mul
                0x00002ace       0x16 c:/program files (x86)/atmel/studio/7.0/toolchain/avr8/avr8-gnu-toolchain/bin/../lib/gcc/avr/5.4.0/avr5\libgcc.a(_muluhisi3.o)
                0x00002ace                __muluhisi3
 .text.avr-libc
                0x00002ae4        0xe c:/program files (x86)/atmel/studio/7.0/toolchain/avr8/avr8-gnu-toolchain/bin/../lib/gcc/avr/5.4.0/../../../../avr/lib/avr5\libc.a(memset.o)
                0x00002ae4                memset
 .text.avr-libc
                0x00002af2       0x60 c:/program files (x86)/atmel/studio/7.0/toolchain/avr8/avr8-gnu-toolchain/bin/../lib/gcc/avr/5.4.0/../../../../avr/lib/avr5\libc.a(snprintf.o)
                0x00002af2                snprintf
 .text.avr-libc
                0x00002b52      0x3c2 c:/program files (x86)/atmel/studio/7.0/toolchain/avr8/avr8-gnu-toolchain/bin/../lib/gcc/avr/5.4.0/../../../../avr/lib/avr5\libc.a(vfprintf_std.o)
                0x00002b52                vfprintf
 .text.avr-libc
                0x00002f14       0x16 c:/program files (x86)/atmel/studio/7.0/toolchain/avr8/avr8-gnu-toolchain/bin/../lib/gcc/avr/5.4.0/../../../../avr/lib/avr5\libc.a(strnlen_P.o)
                0x00002f14                strnlen_P
 .text.avr-libc
                0x00002f2a       0x16 c:/program files (x86)/atmel/studio/7.0/toolchain/avr8/avr8-gnu-toolchain/bin/../lib/gcc/avr/5.4.0/../../../../avr/lib/avr5\libc.a(strnlen.o)
                0x00002f2a                strnlen
 .text.avr-libc
                0x00002f40       0x78 c:/program files (x86)/atmel/studio/7.0/toolchain/avr8/avr8-gnu-toolchain/bin/../lib/gcc/avr/5.4.0/../../../../avr/lib/avr5\libc.a(fputc.o)
                0x00002f40                fputc
 .text.avr-libc
                0x00002fb8       0xbc c:/program files (x86)/atmel/studio/7.0/toolchain/avr8/avr8-gnu-toolchain/bin/../lib/gcc/avr/5.4.0/../../../../avr/lib/avr5\libc.a(ultoa_invert.o)
                0x00002fb8                __ultoa_invert
 .text.libgcc.prologue
                0x00003074       0x38 c:/program files (x86)/atmel/studio/7.0/toolchain/avr8/avr8-gnu-toolchain/bin/../lib/gcc/avr/5.4.0/avr5\libgcc.a(_prologue.o)
                0x00003074                __prologue_saves__
 .text.libgcc.prologue
                0x000030ac       0x36 c:/program files (x86)/atmel/studio/7.0/toolchain/avr8/avr8-gnu-toolchain/bin/../lib/gcc/avr/5.4.0/avr5\libgcc.a(_epilogue.o)
                0x000030ac                __epilogue_restores__
                0x000030e2                . = ALIGN (0x2)
 *(.fini9)
 .fini9         0x000030e2        0x0 c:/program files (x86)/atmel/studio/7.0/toolchain/avr8/avr8-gnu-toolchain/bin/../lib/gcc/avr/5.4.0/avr5\libgcc.a(_exit.o)
                0x000030e2                exit
                0x000030e2                _exit
 *(.fini9)
 *(.fini8)
 *(.fini8)
 *(.fini7)
 *(.fini7)
 *(.fini6)
 *(.fini6)
 *(.fini5)
 *(.fini5)
 *(.fini4)
 *(.fini4)
 *(.fini3)
 *(.fini3)
 *(.fini2)
 *(.fini2)
 *(.fini1)
 *(.fini1)
 *(.fini0)
 .fini0         0x000030e2        0x4 c:/program files (x86)/atmel/studio/7.0/toolchain/avr8/avr8-gnu-toolchain/bin/../lib/gcc/avr/5.4.0/avr5\libgcc.a(_exit.o)
 *(.fini0)
                0x000030e6                _etext = .

.data           0x00800100       0xc6 load address 0x000030e6
                0x00800100                PROVIDE (__data_start, .)
 *(.data)
 *(.data*)
 *(.gnu.linkonce.d*)
 *(.rodata)
 *(.rodata*)
 .rodata.str1.1
                0x00800100       0x4a app_display.o
 .rodata.str1.1
                0x0080014a       0x11 app_serial.o
 .rodata.u8g2_cb_r0
                0x0080015b        0x6 u8g2/u8g2_setup.o
                0x0080015b                u8g2_cb_r0
 .rodata.u8x8_sh1106_128x64_noname_display_info
                0x00800161       0x18 u8g2/u8x8_d_ssd1306_128x64_noname.o
 .rodata.u8x8_d_ssd1306_128x64_noname_flip1_seq
                0x00800179        0x7 u8g2/u8x8_d_ssd1306_128x64_noname.o
 .rodata.u8x8_d_ssd1306_128x64_noname_flip0_seq
                0x00800180        0x7 u8g2/u8x8_d_ssd1306_128x64_noname.o
 .rodata.u8x8_d_ssd1306_128x64_noname_powersave1_seq
                0x00800187        0x5 u8g2/u8x8_d_ssd1306_128x64_noname.o
 .rodata.u8x8_d_ssd1306_128x64_noname_powersave0_seq
                0x0080018c        0x5 u8g2/u8x8_d_ssd1306_128x64_noname.o
 .rodata.u8x8_d_ssd1306_128x64_noname_init_seq
                0x00800191       0x35 u8g2/u8x8_d_ssd1306_128x64_noname.o
 *(.gnu.linkonce.r*)
                0x008001c6                . = ALIGN (0x2)
                0x008001c6                _edata = .
                0x008001c6                PROVIDE (__data_end, .)

.bss            0x008001c6      0x548
                0x008001c6                PROVIDE (__bss_start, .)
 *(.bss)
 *(.bss*)
 .bss.adc_finish
                0x008001c6        0x1 drivers/adc.o
                0x008001c6                adc_finish
 .bss.buf.8642  0x008001c7      0x400 u8g2/u8g2_d_memory.o
 *(COMMON)
 COMMON         0x008005c7        0x2 app_adc.o
                0x008005c7                contextPtr
 COMMON         0x008005c9       0x67 app_display.o
                0x008005c9                u8g2
                0x0080062e                last_time
 COMMON         0x00800630        0x2 drivers/adc.o
                0x00800630                adc_value
 COMMON         0x00800632       0xc4 drivers/usart.o
                0x00800632                rx0_Head
                0x00800633                tx0_buffer
                0x00800673                tx0_Tail
                0x00800674                tx0_Head
                0x00800675                rx0_buffer
                0x008006f5                rx0_Tail
 COMMON         0x008006f6       0x18 main.o
                0x008006f6                contextInst
                0x0080070e                PROVIDE (__bss_end, .)
                0x000030e6                __data_load_start = LOADADDR (.data)
                0x000031ac                __data_load_end = (__data_load_start + SIZEOF (.data))

.noinit         0x0080070e        0x0
                [!provide]                PROVIDE (__noinit_start, .)
 *(.noinit*)
                [!provide]                PROVIDE (__noinit_end, .)
                0x0080070e                _end = .
                [!provide]                PROVIDE (__heap_start, .)

.eeprom         0x00810000        0x0
 *(.eeprom*)
                0x00810000                __eeprom_end = .

.fuse
 *(.fuse)
 *(.lfuse)
 *(.hfuse)
 *(.efuse)

.lock
 *(.lock*)

.signature
 *(.signature*)

.user_signatures
 *(.user_signatures*)

.stab
 *(.stab)

.stabstr
 *(.stabstr)

.stab.excl
 *(.stab.excl)

.stab.exclstr
 *(.stab.exclstr)

.stab.index
 *(.stab.index)

.stab.indexstr
 *(.stab.indexstr)

.comment        0x00000000       0x5c
 *(.comment)
 .comment       0x00000000       0x30 app_adc.o
                                 0x31 (size before relaxing)
 .comment       0x00000030       0x31 app_display.o
 .comment       0x00000030       0x31 app_serial.o
 .comment       0x00000030       0x31 app_speaker.o
 .comment       0x00000030       0x31 drivers/adc.o
 .comment       0x00000030       0x31 drivers/twimastertimeout.o
 .comment       0x00000030       0x31 drivers/usart.o
 .comment       0x00000030       0x31 extras/display_extras.o
 .comment       0x00000030       0x31 main.o
 .comment       0x00000030       0x31 u8g2/u8g2_box.o
 .comment       0x00000030       0x31 u8g2/u8g2_buffer.o
 .comment       0x00000030       0x31 u8g2/u8g2_circle.o
 .comment       0x00000030       0x31 u8g2/u8g2_d_memory.o
 .comment       0x00000030       0x31 u8g2/u8g2_d_setup.o
 .comment       0x00000030       0x31 u8g2/u8g2_font.o
 .comment       0x00000030       0x31 u8g2/u8g2_fonts.o
 .comment       0x00000030       0x31 u8g2/u8g2_hvline.o
 .comment       0x00000030       0x31 u8g2/u8g2_intersection.o
 .comment       0x00000030       0x31 u8g2/u8g2_line.o
 .comment       0x00000030       0x31 u8g2/u8g2_ll_hvline.o
 .comment       0x00000030       0x31 u8g2/u8g2_setup.o
 .comment       0x00000030       0x31 u8g2/u8x8_8x8.o
 .comment       0x00000030       0x31 u8g2/u8x8_avr.o
 .comment       0x00000030       0x31 u8g2/u8x8_byte.o
 .comment       0x00000030       0x31 u8g2/u8x8_cad.o
 .comment       0x00000030       0x31 u8g2/u8x8_display.o
 .comment       0x00000030       0x31 u8g2/u8x8_d_ssd1306_128x64_noname.o
 .comment       0x00000030       0x31 u8g2/u8x8_gpio.o
 .comment       0x00000030       0x31 u8g2/u8x8_setup.o
 .comment       0x00000030       0x31 c:/program files (x86)/atmel/studio/7.0/toolchain/avr8/avr8-gnu-toolchain/bin/../lib/gcc/avr/5.4.0/../../../../avr/lib/avr5\libc.a(snprintf.o)
 .comment       0x00000030       0x2c c:/program files (x86)/atmel/studio/7.0/toolchain/avr8/avr8-gnu-toolchain/bin/../lib/gcc/avr/5.4.0/../../../../avr/lib/avr5\libc.a(vfprintf_std.o)
                                 0x2d (size before relaxing)
 .comment       0x0000005c       0x31 c:/program files (x86)/atmel/studio/7.0/toolchain/avr8/avr8-gnu-toolchain/bin/../lib/gcc/avr/5.4.0/../../../../avr/lib/avr5\libc.a(fputc.o)

.note.gnu.avr.deviceinfo
                0x00000000       0x40
 .note.gnu.avr.deviceinfo
                0x00000000       0x40 C:/Program Files (x86)/Atmel/Studio/7.0/Packs/atmel/ATmega_DFP/1.3.300/gcc/dev/atmega328p/avr5/crtatmega328p.o

.note.gnu.build-id
 *(.note.gnu.build-id)

.debug
 *(.debug)

.line
 *(.line)

.debug_srcinfo
 *(.debug_srcinfo)

.debug_sfnames
 *(.debug_sfnames)

.debug_aranges  0x00000000     0x21d0
 *(.debug_aranges)
 .debug_aranges
                0x00000000       0x28 app_adc.o
 .debug_aranges
                0x00000028       0x28 app_display.o
 .debug_aranges
                0x00000050       0x28 app_serial.o
 .debug_aranges
                0x00000078       0x30 app_speaker.o
 .debug_aranges
                0x000000a8       0x68 drivers/adc.o
 .debug_aranges
                0x00000110       0x58 drivers/twimastertimeout.o
 .debug_aranges
                0x00000168      0x118 drivers/usart.o
 .debug_aranges
                0x00000280       0x28 extras/display_extras.o
 .debug_aranges
                0x000002a8       0x28 main.o
 .debug_aranges
                0x000002d0       0x38 u8g2/u8g2_box.o
 .debug_aranges
                0x00000308       0x78 u8g2/u8g2_buffer.o
 .debug_aranges
                0x00000380       0x58 u8g2/u8g2_circle.o
 .debug_aranges
                0x000003d8      0x450 u8g2/u8g2_d_memory.o
 .debug_aranges
                0x00000828     0x1338 u8g2/u8g2_d_setup.o
 .debug_aranges
                0x00001b60      0x190 u8g2/u8g2_font.o
 .debug_aranges
                0x00001cf0       0x18 u8g2/u8g2_fonts.o
 .debug_aranges
                0x00001d08       0x48 u8g2/u8g2_hvline.o
 .debug_aranges
                0x00001d50       0x28 u8g2/u8g2_intersection.o
 .debug_aranges
                0x00001d78       0x20 u8g2/u8g2_line.o
 .debug_aranges
                0x00001d98       0x28 u8g2/u8g2_ll_hvline.o
 .debug_aranges
                0x00001dc0       0xa0 u8g2/u8g2_setup.o
 .debug_aranges
                0x00001e60       0xb8 u8g2/u8x8_8x8.o
 .debug_aranges
                0x00001f18       0x40 u8g2/u8x8_avr.o
 .debug_aranges
                0x00001f58       0x98 u8g2/u8x8_byte.o
 .debug_aranges
                0x00001ff0       0xc0 u8g2/u8x8_cad.o
 .debug_aranges
                0x000020b0       0x80 u8g2/u8x8_display.o
 .debug_aranges
                0x00002130       0x48 u8g2/u8x8_d_ssd1306_128x64_noname.o
 .debug_aranges
                0x00002178       0x20 u8g2/u8x8_gpio.o
 .debug_aranges
                0x00002198       0x38 u8g2/u8x8_setup.o

.debug_pubnames
 *(.debug_pubnames)

.debug_info     0x00000000    0x4f677
 *(.debug_info .gnu.linkonce.wi.*)
 .debug_info    0x00000000      0x5f4 C:/Program Files (x86)/Atmel/Studio/7.0/Packs/atmel/ATmega_DFP/1.3.300/gcc/dev/atmega328p/avr5/crtatmega328p.o
 .debug_info    0x000005f4      0x4e2 app_adc.o
 .debug_info    0x00000ad6     0x10a4 app_display.o
 .debug_info    0x00001b7a      0x384 app_serial.o
 .debug_info    0x00001efe      0x3fb app_speaker.o
 .debug_info    0x000022f9      0x291 drivers/adc.o
 .debug_info    0x0000258a      0x2d7 drivers/twimastertimeout.o
 .debug_info    0x00002861     0x1e99 drivers/usart.o
 .debug_info    0x000046fa      0xacf extras/display_extras.o
 .debug_info    0x000051c9      0x35a main.o
 .debug_info    0x00005523     0x1205 u8g2/u8g2_box.o
 .debug_info    0x00006728      0xf0a u8g2/u8g2_buffer.o
 .debug_info    0x00007632     0x1736 u8g2/u8g2_circle.o
 .debug_info    0x00008d68     0x272c u8g2/u8g2_d_memory.o
 .debug_info    0x0000b494    0x23106 u8g2/u8g2_d_setup.o
 .debug_info    0x0002e59a     0x535b u8g2/u8g2_font.o
 .debug_info    0x000338f5     0xf937 u8g2/u8g2_fonts.o
 .debug_info    0x0004322c      0xe2c u8g2/u8g2_hvline.o
 .debug_info    0x00044058      0x97e u8g2/u8g2_intersection.o
 .debug_info    0x000449d6      0x993 u8g2/u8g2_line.o
 .debug_info    0x00045369      0x9a7 u8g2/u8g2_ll_hvline.o
 .debug_info    0x00045d10     0x1390 u8g2/u8g2_setup.o
 .debug_info    0x000470a0     0x175a u8g2/u8x8_8x8.o
 .debug_info    0x000487fa      0x946 u8g2/u8x8_avr.o
 .debug_info    0x00049140     0x23d5 u8g2/u8x8_byte.o
 .debug_info    0x0004b515     0x187f u8g2/u8x8_cad.o
 .debug_info    0x0004cd94      0x9ae u8g2/u8x8_display.o
 .debug_info    0x0004d742     0x1620 u8g2/u8x8_d_ssd1306_128x64_noname.o
 .debug_info    0x0004ed62      0x3c7 u8g2/u8x8_gpio.o
 .debug_info    0x0004f129      0x54e u8g2/u8x8_setup.o

.debug_abbrev   0x00000000     0x3f81
 *(.debug_abbrev)
 .debug_abbrev  0x00000000      0x5a2 C:/Program Files (x86)/Atmel/Studio/7.0/Packs/atmel/ATmega_DFP/1.3.300/gcc/dev/atmega328p/avr5/crtatmega328p.o
 .debug_abbrev  0x000005a2      0x1ad app_adc.o
 .debug_abbrev  0x0000074f      0x1f7 app_display.o
 .debug_abbrev  0x00000946      0x1a1 app_serial.o
 .debug_abbrev  0x00000ae7      0x1b8 app_speaker.o
 .debug_abbrev  0x00000c9f       0xe1 drivers/adc.o
 .debug_abbrev  0x00000d80      0x131 drivers/twimastertimeout.o
 .debug_abbrev  0x00000eb1      0x3c3 drivers/usart.o
 .debug_abbrev  0x00001274      0x140 extras/display_extras.o
 .debug_abbrev  0x000013b4      0x11c main.o
 .debug_abbrev  0x000014d0      0x1fa u8g2/u8g2_box.o
 .debug_abbrev  0x000016ca      0x286 u8g2/u8g2_buffer.o
 .debug_abbrev  0x00001950      0x291 u8g2/u8g2_circle.o
 .debug_abbrev  0x00001be1       0xd8 u8g2/u8g2_d_memory.o
 .debug_abbrev  0x00001cb9      0x1fd u8g2/u8g2_d_setup.o
 .debug_abbrev  0x00001eb6      0x48a u8g2/u8g2_font.o
 .debug_abbrev  0x00002340       0x88 u8g2/u8g2_fonts.o
 .debug_abbrev  0x000023c8      0x1e7 u8g2/u8g2_hvline.o
 .debug_abbrev  0x000025af      0x17f u8g2/u8g2_intersection.o
 .debug_abbrev  0x0000272e      0x178 u8g2/u8g2_line.o
 .debug_abbrev  0x000028a6      0x14f u8g2/u8g2_ll_hvline.o
 .debug_abbrev  0x000029f5      0x32c u8g2/u8g2_setup.o
 .debug_abbrev  0x00002d21      0x3ca u8g2/u8x8_8x8.o
 .debug_abbrev  0x000030eb      0x2ae u8g2/u8x8_avr.o
 .debug_abbrev  0x00003399      0x2b3 u8g2/u8x8_byte.o
 .debug_abbrev  0x0000364c      0x305 u8g2/u8x8_cad.o
 .debug_abbrev  0x00003951      0x1d9 u8g2/u8x8_display.o
 .debug_abbrev  0x00003b2a      0x1bc u8g2/u8x8_d_ssd1306_128x64_noname.o
 .debug_abbrev  0x00003ce6       0xec u8g2/u8x8_gpio.o
 .debug_abbrev  0x00003dd2      0x1af u8g2/u8x8_setup.o

.debug_line     0x00000000     0xf5f1
 *(.debug_line .debug_line.* .debug_line_end)
 .debug_line    0x00000000      0x133 C:/Program Files (x86)/Atmel/Studio/7.0/Packs/atmel/ATmega_DFP/1.3.300/gcc/dev/atmega328p/avr5/crtatmega328p.o
 .debug_line    0x00000133      0x227 app_adc.o
 .debug_line    0x0000035a      0x26a app_display.o
 .debug_line    0x000005c4      0x15e app_serial.o
 .debug_line    0x00000722      0x1f1 app_speaker.o
 .debug_line    0x00000913      0x1b9 drivers/adc.o
 .debug_line    0x00000acc      0x3cf drivers/twimastertimeout.o
 .debug_line    0x00000e9b      0xf22 drivers/usart.o
 .debug_line    0x00001dbd      0x118 extras/display_extras.o
 .debug_line    0x00001ed5      0x12c main.o
 .debug_line    0x00002001      0x2dd u8g2/u8g2_box.o
 .debug_line    0x000022de      0x39e u8g2/u8g2_buffer.o
 .debug_line    0x0000267c      0x4f2 u8g2/u8g2_circle.o
 .debug_line    0x00002b6e      0xfda u8g2/u8g2_d_memory.o
 .debug_line    0x00003b48     0x62b1 u8g2/u8g2_d_setup.o
 .debug_line    0x00009df9     0x1b81 u8g2/u8g2_font.o
 .debug_line    0x0000b97a       0x94 u8g2/u8g2_fonts.o
 .debug_line    0x0000ba0e      0x2f9 u8g2/u8g2_hvline.o
 .debug_line    0x0000bd07      0x15b u8g2/u8g2_intersection.o
 .debug_line    0x0000be62      0x1eb u8g2/u8g2_line.o
 .debug_line    0x0000c04d      0x242 u8g2/u8g2_ll_hvline.o
 .debug_line    0x0000c28f      0x730 u8g2/u8g2_setup.o
 .debug_line    0x0000c9bf      0x911 u8g2/u8x8_8x8.o
 .debug_line    0x0000d2d0      0x417 u8g2/u8x8_avr.o
 .debug_line    0x0000d6e7      0x8fa u8g2/u8x8_byte.o
 .debug_line    0x0000dfe1      0xa96 u8g2/u8x8_cad.o
 .debug_line    0x0000ea77      0x2a2 u8g2/u8x8_display.o
 .debug_line    0x0000ed19      0x696 u8g2/u8x8_d_ssd1306_128x64_noname.o
 .debug_line    0x0000f3af       0xb3 u8g2/u8x8_gpio.o
 .debug_line    0x0000f462      0x18f u8g2/u8x8_setup.o

.debug_frame    0x00000000     0xc628
 *(.debug_frame)
 .debug_frame   0x00000000       0x64 app_adc.o
 .debug_frame   0x00000064       0x6c app_display.o
 .debug_frame   0x000000d0       0x50 app_serial.o
 .debug_frame   0x00000120       0x44 app_speaker.o
 .debug_frame   0x00000164       0xc8 drivers/adc.o
 .debug_frame   0x0000022c       0x94 drivers/twimastertimeout.o
 .debug_frame   0x000002c0      0x314 drivers/usart.o
 .debug_frame   0x000005d4       0x88 extras/display_extras.o
 .debug_frame   0x0000065c       0x54 main.o
 .debug_frame   0x000006b0      0x12c u8g2/u8g2_box.o
 .debug_frame   0x000007dc      0x1c8 u8g2/u8g2_buffer.o
 .debug_frame   0x000009a4      0x25c u8g2/u8g2_circle.o
 .debug_frame   0x00000c00      0x884 u8g2/u8g2_d_memory.o
 .debug_frame   0x00001484     0x9a94 u8g2/u8g2_d_setup.o
 .debug_frame   0x0000af18      0x69c u8g2/u8g2_font.o
 .debug_frame   0x0000b5b4       0x9c u8g2/u8g2_hvline.o
 .debug_frame   0x0000b650       0x3c u8g2/u8g2_intersection.o
 .debug_frame   0x0000b68c       0x54 u8g2/u8g2_line.o
 .debug_frame   0x0000b6e0       0x74 u8g2/u8g2_ll_hvline.o
 .debug_frame   0x0000b754      0x204 u8g2/u8g2_setup.o
 .debug_frame   0x0000b958      0x354 u8g2/u8x8_8x8.o
 .debug_frame   0x0000bcac       0x8c u8g2/u8x8_avr.o
 .debug_frame   0x0000bd38      0x270 u8g2/u8x8_byte.o
 .debug_frame   0x0000bfa8      0x354 u8g2/u8x8_cad.o
 .debug_frame   0x0000c2fc      0x174 u8g2/u8x8_display.o
 .debug_frame   0x0000c470      0x134 u8g2/u8x8_d_ssd1306_128x64_noname.o
 .debug_frame   0x0000c5a4       0x24 u8g2/u8x8_gpio.o
 .debug_frame   0x0000c5c8       0x60 u8g2/u8x8_setup.o

.debug_str      0x00000000    0x10fbc
 *(.debug_str)
 .debug_str     0x00000000      0x208 C:/Program Files (x86)/Atmel/Studio/7.0/Packs/atmel/ATmega_DFP/1.3.300/gcc/dev/atmega328p/avr5/crtatmega328p.o
 .debug_str     0x00000208      0x39f app_adc.o
                                0x3e5 (size before relaxing)
 .debug_str     0x000005a7      0x7ac app_display.o
                                0xaae (size before relaxing)
 .debug_str     0x00000d53       0x94 app_serial.o
                                0x33b (size before relaxing)
 .debug_str     0x00000de7       0x50 app_speaker.o
                                0x327 (size before relaxing)
 .debug_str     0x00000e37       0x63 drivers/adc.o
                                0x2cf (size before relaxing)
 .debug_str     0x00000e9a       0x91 drivers/twimastertimeout.o
                                0x213 (size before relaxing)
 .debug_str     0x00000f2b      0x338 drivers/usart.o
                                0x549 (size before relaxing)
 .debug_str     0x00001263       0x70 extras/display_extras.o
                                0x8ed (size before relaxing)
 .debug_str     0x000012d3       0x29 main.o
                                0x2ff (size before relaxing)
 .debug_str     0x000012fc       0x86 u8g2/u8g2_box.o
                                0x8eb (size before relaxing)
 .debug_str     0x00001382      0x1d6 u8g2/u8g2_buffer.o
                                0xa3c (size before relaxing)
 .debug_str     0x00001558      0x14f u8g2/u8g2_circle.o
                                0x9d1 (size before relaxing)
 .debug_str     0x000016a7      0x7b0 u8g2/u8g2_d_memory.o
                                0x925 (size before relaxing)
 .debug_str     0x00001e57     0x4cb7 u8g2/u8g2_d_setup.o
                               0x5ca5 (size before relaxing)
 .debug_str     0x00006b0e      0x567 u8g2/u8g2_font.o
                                0xe2b (size before relaxing)
 .debug_str     0x00007075     0x91f8 u8g2/u8g2_fonts.o
                               0x937e (size before relaxing)
 .debug_str     0x0001026d       0x45 u8g2/u8g2_hvline.o
                                0x8d3 (size before relaxing)
 .debug_str     0x000102b2       0x3f u8g2/u8g2_intersection.o
                                0x88c (size before relaxing)
 .debug_str     0x000102f1       0x21 u8g2/u8g2_line.o
                                0x882 (size before relaxing)
 .debug_str     0x00010312       0x66 u8g2/u8g2_ll_hvline.o
                                0x8bb (size before relaxing)
 .debug_str     0x00010378      0x1fd u8g2/u8g2_setup.o
                                0xacc (size before relaxing)
 .debug_str     0x00010575      0x1c2 u8g2/u8x8_8x8.o
                                0x628 (size before relaxing)
 .debug_str     0x00010737      0x135 u8g2/u8x8_avr.o
                                0x5d0 (size before relaxing)
 .debug_str     0x0001086c      0x1cc u8g2/u8x8_byte.o
                                0x641 (size before relaxing)
 .debug_str     0x00010a38      0x19b u8g2/u8x8_cad.o
                                0x68d (size before relaxing)
 .debug_str     0x00010bd3       0xff u8g2/u8x8_display.o
                                0x5a4 (size before relaxing)
 .debug_str     0x00010cd2      0x27a u8g2/u8x8_d_ssd1306_128x64_noname.o
                                0x79b (size before relaxing)
 .debug_str     0x00010f4c       0x14 u8g2/u8x8_gpio.o
                                0x445 (size before relaxing)
 .debug_str     0x00010f60       0x5c u8g2/u8x8_setup.o
                                0x4e8 (size before relaxing)

.debug_loc      0x00000000    0x5953d
 *(.debug_loc)
 .debug_loc     0x00000000      0x1ee app_adc.o
 .debug_loc     0x000001ee      0x11c app_display.o
 .debug_loc     0x0000030a      0x1d8 app_serial.o
 .debug_loc     0x000004e2      0x1e4 app_speaker.o
 .debug_loc     0x000006c6       0xac drivers/adc.o
 .debug_loc     0x00000772      0x3e6 drivers/twimastertimeout.o
 .debug_loc     0x00000b58     0x2189 drivers/usart.o
 .debug_loc     0x00002ce1      0x390 extras/display_extras.o
 .debug_loc     0x00003071       0x63 main.o
 .debug_loc     0x000030d4      0xe52 u8g2/u8g2_box.o
 .debug_loc     0x00003f26      0xa2b u8g2/u8g2_buffer.o
 .debug_loc     0x00004951     0x1b04 u8g2/u8g2_circle.o
 .debug_loc     0x00006455     0x1518 u8g2/u8g2_d_memory.o
 .debug_loc     0x0000796d    0x3ca98 u8g2/u8g2_d_setup.o
 .debug_loc     0x00044405     0x7e06 u8g2/u8g2_font.o
 .debug_loc     0x0004c20b     0x1382 u8g2/u8g2_hvline.o
 .debug_loc     0x0004d58d      0x1f7 u8g2/u8g2_intersection.o
 .debug_loc     0x0004d784      0x426 u8g2/u8g2_line.o
 .debug_loc     0x0004dbaa      0x47a u8g2/u8g2_ll_hvline.o
 .debug_loc     0x0004e024     0x12b9 u8g2/u8g2_setup.o
 .debug_loc     0x0004f2dd     0x23e9 u8g2/u8x8_8x8.o
 .debug_loc     0x000516c6      0xd56 u8g2/u8x8_avr.o
 .debug_loc     0x0005241c     0x20b0 u8g2/u8x8_byte.o
 .debug_loc     0x000544cc     0x276e u8g2/u8x8_cad.o
 .debug_loc     0x00056c3a      0x598 u8g2/u8x8_display.o
 .debug_loc     0x000571d2     0x2088 u8g2/u8x8_d_ssd1306_128x64_noname.o
 .debug_loc     0x0005925a       0x68 u8g2/u8x8_gpio.o
 .debug_loc     0x000592c2      0x27b u8g2/u8x8_setup.o

.debug_macinfo
 *(.debug_macinfo)

.debug_weaknames
 *(.debug_weaknames)

.debug_funcnames
 *(.debug_funcnames)

.debug_typenames
 *(.debug_typenames)

.debug_varnames
 *(.debug_varnames)

.debug_pubtypes
 *(.debug_pubtypes)

.debug_ranges   0x00000000     0x2a90
 *(.debug_ranges)
 .debug_ranges  0x00000000       0x18 app_adc.o
 .debug_ranges  0x00000018       0x18 app_display.o
 .debug_ranges  0x00000030       0x18 app_serial.o
 .debug_ranges  0x00000048       0x38 app_speaker.o
 .debug_ranges  0x00000080       0x58 drivers/adc.o
 .debug_ranges  0x000000d8       0x48 drivers/twimastertimeout.o
 .debug_ranges  0x00000120      0x168 drivers/usart.o
 .debug_ranges  0x00000288       0x18 extras/display_extras.o
 .debug_ranges  0x000002a0       0x18 main.o
 .debug_ranges  0x000002b8       0x58 u8g2/u8g2_box.o
 .debug_ranges  0x00000310       0x68 u8g2/u8g2_buffer.o
 .debug_ranges  0x00000378       0x48 u8g2/u8g2_circle.o
 .debug_ranges  0x000003c0      0x440 u8g2/u8g2_d_memory.o
 .debug_ranges  0x00000800     0x1328 u8g2/u8g2_d_setup.o
 .debug_ranges  0x00001b28      0x6c8 u8g2/u8g2_font.o
 .debug_ranges  0x000021f0      0x168 u8g2/u8g2_hvline.o
 .debug_ranges  0x00002358       0x48 u8g2/u8g2_intersection.o
 .debug_ranges  0x000023a0       0x10 u8g2/u8g2_line.o
 .debug_ranges  0x000023b0       0x18 u8g2/u8g2_ll_hvline.o
 .debug_ranges  0x000023c8       0xf0 u8g2/u8g2_setup.o
 .debug_ranges  0x000024b8      0x150 u8g2/u8x8_8x8.o
 .debug_ranges  0x00002608       0x78 u8g2/u8x8_avr.o
 .debug_ranges  0x00002680      0x178 u8g2/u8x8_byte.o
 .debug_ranges  0x000027f8       0xc8 u8g2/u8x8_cad.o
 .debug_ranges  0x000028c0       0x70 u8g2/u8x8_display.o
 .debug_ranges  0x00002930      0x128 u8g2/u8x8_d_ssd1306_128x64_noname.o
 .debug_ranges  0x00002a58       0x10 u8g2/u8x8_gpio.o
 .debug_ranges  0x00002a68       0x28 u8g2/u8x8_setup.o

.debug_macro
 *(.debug_macro)
OUTPUT(remote_standalone_test1.elf elf32-avr)
LOAD linker stubs
